Archive member included to satisfy reference by file (symbol)

C:/ST/STM32CubeIDE_1.19.0/STM32CubeIDE/plugins/com.st.stm32cube.ide.mcu.externaltools.gnu-tools-for-stm32.13.3.rel1.win32_1.0.0.202411081344/tools/bin/../lib/gcc/arm-none-eabi/13.3.1/../../../../arm-none-eabi/lib/thumb/v7-m/nofp\librdimon_nano.a(arm_librdimon_a-syscalls.o)
                              C:/ST/STM32CubeIDE_1.19.0/STM32CubeIDE/plugins/com.st.stm32cube.ide.mcu.externaltools.gnu-tools-for-stm32.13.3.rel1.win32_1.0.0.202411081344/tools/bin/../lib/gcc/arm-none-eabi/13.3.1/../../../../arm-none-eabi/lib/thumb/v7-m/nofp/rdimon-crt0.o (__heap_limit)
C:/ST/STM32CubeIDE_1.19.0/STM32CubeIDE/plugins/com.st.stm32cube.ide.mcu.externaltools.gnu-tools-for-stm32.13.3.rel1.win32_1.0.0.202411081344/tools/bin/../lib/gcc/arm-none-eabi/13.3.1/../../../../arm-none-eabi/lib/thumb/v7-m/nofp\libc_nano.a(libc_a-exit.o)
                              C:/ST/STM32CubeIDE_1.19.0/STM32CubeIDE/plugins/com.st.stm32cube.ide.mcu.externaltools.gnu-tools-for-stm32.13.3.rel1.win32_1.0.0.202411081344/tools/bin/../lib/gcc/arm-none-eabi/13.3.1/../../../../arm-none-eabi/lib/thumb/v7-m/nofp/rdimon-crt0.o (exit)
C:/ST/STM32CubeIDE_1.19.0/STM32CubeIDE/plugins/com.st.stm32cube.ide.mcu.externaltools.gnu-tools-for-stm32.13.3.rel1.win32_1.0.0.202411081344/tools/bin/../lib/gcc/arm-none-eabi/13.3.1/../../../../arm-none-eabi/lib/thumb/v7-m/nofp\libc_nano.a(libc_a-fflush.o)
                              ./app/src/logger.o (fflush)
C:/ST/STM32CubeIDE_1.19.0/STM32CubeIDE/plugins/com.st.stm32cube.ide.mcu.externaltools.gnu-tools-for-stm32.13.3.rel1.win32_1.0.0.202411081344/tools/bin/../lib/gcc/arm-none-eabi/13.3.1/../../../../arm-none-eabi/lib/thumb/v7-m/nofp\libc_nano.a(libc_a-findfp.o)
                              C:/ST/STM32CubeIDE_1.19.0/STM32CubeIDE/plugins/com.st.stm32cube.ide.mcu.externaltools.gnu-tools-for-stm32.13.3.rel1.win32_1.0.0.202411081344/tools/bin/../lib/gcc/arm-none-eabi/13.3.1/../../../../arm-none-eabi/lib/thumb/v7-m/nofp\libc_nano.a(libc_a-fflush.o) (__sglue)
C:/ST/STM32CubeIDE_1.19.0/STM32CubeIDE/plugins/com.st.stm32cube.ide.mcu.externaltools.gnu-tools-for-stm32.13.3.rel1.win32_1.0.0.202411081344/tools/bin/../lib/gcc/arm-none-eabi/13.3.1/../../../../arm-none-eabi/lib/thumb/v7-m/nofp\libc_nano.a(libc_a-fwalk.o)
                              C:/ST/STM32CubeIDE_1.19.0/STM32CubeIDE/plugins/com.st.stm32cube.ide.mcu.externaltools.gnu-tools-for-stm32.13.3.rel1.win32_1.0.0.202411081344/tools/bin/../lib/gcc/arm-none-eabi/13.3.1/../../../../arm-none-eabi/lib/thumb/v7-m/nofp\libc_nano.a(libc_a-fflush.o) (_fwalk_sglue)
C:/ST/STM32CubeIDE_1.19.0/STM32CubeIDE/plugins/com.st.stm32cube.ide.mcu.externaltools.gnu-tools-for-stm32.13.3.rel1.win32_1.0.0.202411081344/tools/bin/../lib/gcc/arm-none-eabi/13.3.1/../../../../arm-none-eabi/lib/thumb/v7-m/nofp\libc_nano.a(libc_a-printf.o)
                              ./app/src/logger.o (printf)
C:/ST/STM32CubeIDE_1.19.0/STM32CubeIDE/plugins/com.st.stm32cube.ide.mcu.externaltools.gnu-tools-for-stm32.13.3.rel1.win32_1.0.0.202411081344/tools/bin/../lib/gcc/arm-none-eabi/13.3.1/../../../../arm-none-eabi/lib/thumb/v7-m/nofp\libc_nano.a(libc_a-puts.o)
                              ./app/src/task_system.o (puts)
C:/ST/STM32CubeIDE_1.19.0/STM32CubeIDE/plugins/com.st.stm32cube.ide.mcu.externaltools.gnu-tools-for-stm32.13.3.rel1.win32_1.0.0.202411081344/tools/bin/../lib/gcc/arm-none-eabi/13.3.1/../../../../arm-none-eabi/lib/thumb/v7-m/nofp\libc_nano.a(libc_a-snprintf.o)
                              ./app/src/app.o (snprintf)
C:/ST/STM32CubeIDE_1.19.0/STM32CubeIDE/plugins/com.st.stm32cube.ide.mcu.externaltools.gnu-tools-for-stm32.13.3.rel1.win32_1.0.0.202411081344/tools/bin/../lib/gcc/arm-none-eabi/13.3.1/../../../../arm-none-eabi/lib/thumb/v7-m/nofp\libc_nano.a(libc_a-stdio.o)
                              C:/ST/STM32CubeIDE_1.19.0/STM32CubeIDE/plugins/com.st.stm32cube.ide.mcu.externaltools.gnu-tools-for-stm32.13.3.rel1.win32_1.0.0.202411081344/tools/bin/../lib/gcc/arm-none-eabi/13.3.1/../../../../arm-none-eabi/lib/thumb/v7-m/nofp\libc_nano.a(libc_a-findfp.o) (__sread)
C:/ST/STM32CubeIDE_1.19.0/STM32CubeIDE/plugins/com.st.stm32cube.ide.mcu.externaltools.gnu-tools-for-stm32.13.3.rel1.win32_1.0.0.202411081344/tools/bin/../lib/gcc/arm-none-eabi/13.3.1/../../../../arm-none-eabi/lib/thumb/v7-m/nofp\libc_nano.a(libc_a-wbuf.o)
                              C:/ST/STM32CubeIDE_1.19.0/STM32CubeIDE/plugins/com.st.stm32cube.ide.mcu.externaltools.gnu-tools-for-stm32.13.3.rel1.win32_1.0.0.202411081344/tools/bin/../lib/gcc/arm-none-eabi/13.3.1/../../../../arm-none-eabi/lib/thumb/v7-m/nofp\libc_nano.a(libc_a-puts.o) (__swbuf_r)
C:/ST/STM32CubeIDE_1.19.0/STM32CubeIDE/plugins/com.st.stm32cube.ide.mcu.externaltools.gnu-tools-for-stm32.13.3.rel1.win32_1.0.0.202411081344/tools/bin/../lib/gcc/arm-none-eabi/13.3.1/../../../../arm-none-eabi/lib/thumb/v7-m/nofp\libc_nano.a(libc_a-wsetup.o)
[...]
Memory Configuration

Name             Origin             Length             Attributes
RAM              0x20000000         0x00005000         xrw
FLASH            0x08000000         0x00020000         xr
*default*        0x00000000         0xffffffff

Linker script and memory map

LOAD C:/ST/STM32CubeIDE_1.19.0/STM32CubeIDE/plugins/com.st.stm32cube.ide.mcu.externaltools.gnu-tools-for-stm32.13.3.rel1.win32_1.0.0.202411081344/tools/bin/../lib/gcc/arm-none-eabi/13.3.1/thumb/v7-m/nofp/crti.o
LOAD C:/ST/STM32CubeIDE_1.19.0/STM32CubeIDE/plugins/com.st.stm32cube.ide.mcu.externaltools.gnu-tools-for-stm32.13.3.rel1.win32_1.0.0.202411081344/tools/bin/../lib/gcc/arm-none-eabi/13.3.1/thumb/v7-m/nofp/crtbegin.o
LOAD C:/ST/STM32CubeIDE_1.19.0/STM32CubeIDE/plugins/com.st.stm32cube.ide.mcu.externaltools.gnu-tools-for-stm32.13.3.rel1.win32_1.0.0.202411081344/tools/bin/../lib/gcc/arm-none-eabi/13.3.1/../../../../arm-none-eabi/lib/thumb/v7-m/nofp/rdimon-crt0.o
LOAD ./Core/Src/main.o
LOAD ./Core/Src/stm32f1xx_hal_msp.o
LOAD ./Core/Src/stm32f1xx_it.o
LOAD ./Core/Src/sysmem.o
LOAD ./Core/Src/system_stm32f1xx.o
LOAD ./Core/Startup/startup_stm32f103rbtx.o
LOAD ./Drivers/STM32F1xx_HAL_Driver/Src/stm32f1xx_hal.o
LOAD ./Drivers/STM32F1xx_HAL_Driver/Src/stm32f1xx_hal_adc.o
LOAD ./Drivers/STM32F1xx_HAL_Driver/Src/stm32f1xx_hal_adc_ex.o
LOAD ./Drivers/STM32F1xx_HAL_Driver/Src/stm32f1xx_hal_cortex.o
LOAD ./Drivers/STM32F1xx_HAL_Driver/Src/stm32f1xx_hal_dma.o
LOAD ./Drivers/STM32F1xx_HAL_Driver/Src/stm32f1xx_hal_exti.o
LOAD ./Drivers/STM32F1xx_HAL_Driver/Src/stm32f1xx_hal_flash.o
LOAD ./Drivers/STM32F1xx_HAL_Driver/Src/stm32f1xx_hal_flash_ex.o
LOAD ./Drivers/STM32F1xx_HAL_Driver/Src/stm32f1xx_hal_gpio.o
LOAD ./Drivers/STM32F1xx_HAL_Driver/Src/stm32f1xx_hal_gpio_ex.o
LOAD ./Drivers/STM32F1xx_HAL_Driver/Src/stm32f1xx_hal_i2c.o
LOAD ./Drivers/STM32F1xx_HAL_Driver/Src/stm32f1xx_hal_pwr.o
LOAD ./Drivers/STM32F1xx_HAL_Driver/Src/stm32f1xx_hal_rcc.o
LOAD ./Drivers/STM32F1xx_HAL_Driver/Src/stm32f1xx_hal_rcc_ex.o
LOAD ./Drivers/STM32F1xx_HAL_Driver/Src/stm32f1xx_hal_tim.o
LOAD ./Drivers/STM32F1xx_HAL_Driver/Src/stm32f1xx_hal_tim_ex.o
LOAD ./Drivers/STM32F1xx_HAL_Driver/Src/stm32f1xx_hal_uart.o
LOAD ./app/src/app.o
LOAD ./app/src/logger.o
LOAD ./app/src/systick.o
LOAD ./app/src/task_actuator.o
LOAD ./app/src/task_adc.o
LOAD ./app/src/task_botones.o
LOAD ./app/src/task_cafe_fsm.o
LOAD ./app/src/task_display.o
LOAD ./app/src/task_display_interface.o
LOAD ./app/src/task_lcd.o
LOAD ./app/src/task_sensor.o
LOAD ./app/src/task_stock.o
LOAD ./app/src/task_system.o
LOAD ./app/src/task_test.o
LOAD C:/ST/STM32CubeIDE_1.19.0/STM32CubeIDE/plugins/com.st.stm32cube.ide.mcu.externaltools.gnu-tools-for-stm32.13.3.rel1.win32_1.0.0.202411081344/tools/bin/../lib/gcc/arm-none-eabi/13.3.1/../../../../arm-none-eabi/lib/thumb/v7-m/nofp\librdimon_nano.a
START GROUP
LOAD C:/ST/STM32CubeIDE_1.19.0/STM32CubeIDE/plugins/com.st.stm32cube.ide.mcu.externaltools.gnu-tools-for-stm32.13.3.rel1.win32_1.0.0.202411081344/tools/bin/../lib/gcc/arm-none-eabi/13.3.1/../../../../arm-none-eabi/lib/thumb/v7-m/nofp\libc_nano.a
LOAD C:/ST/STM32CubeIDE_1.19.0/STM32CubeIDE/plugins/com.st.stm32cube.ide.mcu.externaltools.gnu-tools-for-stm32.13.3.rel1.win32_1.0.0.202411081344/tools/bin/../lib/gcc/arm-none-eabi/13.3.1/../../../../arm-none-eabi/lib/thumb/v7-m/nofp\libm.a
END GROUP
START GROUP
LOAD C:/ST/STM32CubeIDE_1.19.0/STM32CubeIDE/plugins/com.st.stm32cube.ide.mcu.externaltools.gnu-tools-for-stm32.13.3.rel1.win32_1.0.0.202411081344/tools/bin/../lib/gcc/arm-none-eabi/13.3.1/thumb/v7-m/nofp\libgcc.a
LOAD C:/ST/STM32CubeIDE_1.19.0/STM32CubeIDE/plugins/com.st.stm32cube.ide.mcu.externaltools.gnu-tools-for-stm32.13.3.rel1.win32_1.0.0.202411081344/tools/bin/../lib/gcc/arm-none-eabi/13.3.1/../../../../arm-none-eabi/lib/thumb/v7-m/nofp\libc_nano.a
END GROUP
START GROUP
LOAD C:/ST/STM32CubeIDE_1.19.0/STM32CubeIDE/plugins/com.st.stm32cube.ide.mcu.externaltools.gnu-tools-for-stm32.13.3.rel1.win32_1.0.0.202411081344/tools/bin/../lib/gcc/arm-none-eabi/13.3.1/thumb/v7-m/nofp\libgcc.a
LOAD C:/ST/STM32CubeIDE_1.19.0/STM32CubeIDE/plugins/com.st.stm32cube.ide.mcu.externaltools.gnu-tools-for-stm32.13.3.rel1.win32_1.0.0.202411081344/tools/bin/../lib/gcc/arm-none-eabi/13.3.1/../../../../arm-none-eabi/lib/thumb/v7-m/nofp\libc_nano.a
LOAD C:/ST/STM32CubeIDE_1.19.0/STM32CubeIDE/plugins/com.st.stm32cube.ide.mcu.externaltools.gnu-tools-for-stm32.13.3.rel1.win32_1.0.0.202411081344/tools/bin/../lib/gcc/arm-none-eabi/13.3.1/../../../../arm-none-eabi/lib/thumb/v7-m/nofp\libnosys.a
END GROUP
START GROUP
LOAD C:/ST/STM32CubeIDE_1.19.0/STM32CubeIDE/plugins/com.st.stm32cube.ide.mcu.externaltools.gnu-tools-for-stm32.13.3.rel1.win32_1.0.0.202411081344/tools/bin/../lib/gcc/arm-none-eabi/13.3.1/thumb/v7-m/nofp\libgcc.a
LOAD C:/ST/STM32CubeIDE_1.19.0/STM32CubeIDE/plugins/com.st.stm32cube.ide.mcu.externaltools.gnu-tools-for-stm32.13.3.rel1.win32_1.0.0.202411081344/tools/bin/../lib/gcc/arm-none-eabi/13.3.1/../../../../arm-none-eabi/lib/thumb/v7-m/nofp\libc_nano.a
LOAD C:/ST/STM32CubeIDE_1.19.0/STM32CubeIDE/plugins/com.st.stm32cube.ide.mcu.externaltools.gnu-tools-for-stm32.13.3.rel1.win32_1.0.0.202411081344/tools/bin/../lib/gcc/arm-none-eabi/13.3.1/../../../../arm-none-eabi/lib/thumb/v7-m/nofp\librdimon_nano.a
END GROUP
START GROUP
LOAD C:/ST/STM32CubeIDE_1.19.0/STM32CubeIDE/plugins/com.st.stm32cube.ide.mcu.externaltools.gnu-tools-for-stm32.13.3.rel1.win32_1.0.0.202411081344/tools/bin/../lib/gcc/arm-none-eabi/13.3.1/thumb/v7-m/nofp\libgcc.a
LOAD C:/ST/STM32CubeIDE_1.19.0/STM32CubeIDE/plugins/com.st.stm32cube.ide.mcu.externaltools.gnu-tools-for-stm32.13.3.rel1.win32_1.0.0.202411081344/tools/bin/../lib/gcc/arm-none-eabi/13.3.1/../../../../arm-none-eabi/lib/thumb/v7-m/nofp\libc_nano.a
LOAD C:/ST/STM32CubeIDE_1.19.0/STM32CubeIDE/plugins/com.st.stm32cube.ide.mcu.externaltools.gnu-tools-for-stm32.13.3.rel1.win32_1.0.0.202411081344/tools/bin/../lib/gcc/arm-none-eabi/13.3.1/../../../../arm-none-eabi/lib/thumb/v7-m/nofp\librdimon_nano.a
LOAD C:/ST/STM32CubeIDE_1.19.0/STM32CubeIDE/plugins/com.st.stm32cube.ide.mcu.externaltools.gnu-tools-for-stm32.13.3.rel1.win32_1.0.0.202411081344/tools/bin/../lib/gcc/arm-none-eabi/13.3.1/../../../../arm-none-eabi/lib/thumb/v7-m/nofp\libnosys.a
END GROUP
LOAD C:/ST/STM32CubeIDE_1.19.0/STM32CubeIDE/plugins/com.st.stm32cube.ide.mcu.externaltools.gnu-tools-for-stm32.13.3.rel1.win32_1.0.0.202411081344/tools/bin/../lib/gcc/arm-none-eabi/13.3.1/thumb/v7-m/nofp/crtend.o
LOAD C:/ST/STM32CubeIDE_1.19.0/STM32CubeIDE/plugins/com.st.stm32cube.ide.mcu.externaltools.gnu-tools-for-stm32.13.3.rel1.win32_1.0.0.202411081344/tools/bin/../lib/gcc/arm-none-eabi/13.3.1/thumb/v7-m/nofp/crtn.o
                0x20005000                        _estack = (ORIGIN (RAM) + LENGTH (RAM))
                0x00000200                        _Min_Heap_Size = 0x200
                0x00000400                        _Min_Stack_Size = 0x400

.isr_vector     0x08000000      0x10c
                0x08000000                        . = ALIGN (0x4)
 *(.isr_vector)
 .isr_vector    0x08000000      0x10c ./Core/Startup/startup_stm32f103rbtx.o
                0x08000000                g_pfnVectors
                0x0800010c                        . = ALIGN (0x4)

.text           0x0800010c     0xc478
                0x0800010c                        . = ALIGN (0x4)
 *(.text)
 .text          0x0800010c       0x40 C:/ST/STM32CubeIDE_1.19.0/STM32CubeIDE/plugins/com.st.stm32cube.ide.mcu.externaltools.gnu-tools-for-stm32.13.3.rel1.win32_1.0.0.202411081344/tools/bin/../lib/gcc/arm-none-eabi/13.3.1/thumb/v7-m/nofp/crtbegin.o
 .text          0x0800014c       0x10 C:/ST/STM32CubeIDE_1.19.0/STM32CubeIDE/plugins/com.st.stm32cube.ide.mcu.externaltools.gnu-tools-for-stm32.13.3.rel1.win32_1.0.0.202411081344/tools/bin/../lib/gcc/arm-none-eabi/13.3.1/../../../../arm-none-eabi/lib/thumb/v7-m/nofp\libc_nano.a(libc_a-strlen.o)
                0x0800014c                strlen
 .text          0x0800015c      0x21c C:/ST/STM32CubeIDE_1.19.0/STM32CubeIDE/plugins/com.st.stm32cube.ide.mcu.externaltools.gnu-tools-for-stm32.13.3.rel1.win32_1.0.0.202411081344/tools/bin/../lib/gcc/arm-none-eabi/13.3.1/thumb/v7-m/nofp\libgcc.a(_arm_addsubsf3.o)
                0x0800015c                __aeabi_frsub
                0x08000164                __subsf3
                0x08000164                __aeabi_fsub
                0x08000168                __aeabi_fadd
                0x08000168                __addsf3
                0x080002c8                __aeabi_ui2f
                0x080002c8                __floatunsisf
                0x080002d0                __aeabi_i2f
                0x080002d0                __floatsisf
                0x080002ec                __aeabi_ul2f
                0x080002ec                __floatundisf
                0x080002fc                __aeabi_l2f
                0x080002fc                __floatdisf
 .text          0x08000378      0x2a0 C:/ST/STM32CubeIDE_1.19.0/STM32CubeIDE/plugins/com.st.stm32cube.ide.mcu.externaltools.gnu-tools-for-stm32.13.3.rel1.win32_1.0.0.202411081344/tools/bin/../lib/gcc/arm-none-eabi/13.3.1/thumb/v7-m/nofp\libgcc.a(_arm_muldivsf3.o)
                0x08000378                __mulsf3
                0x08000378                __aeabi_fmul
                0x080004e0                __aeabi_fdiv
                0x080004e0                __divsf3
 .text          0x08000618       0x40 C:/ST/STM32CubeIDE_1.19.0/STM32CubeIDE/plugins/com.st.stm32cube.ide.mcu.externaltools.gnu-tools-for-stm32.13.3.rel1.win32_1.0.0.202411081344/tools/bin/../lib/gcc/arm-none-eabi/13.3.1/thumb/v7-m/nofp\libgcc.a(_arm_fixunssfsi.o)
                0x08000618                __fixunssfsi
                0x08000618                __aeabi_f2uiz
 *(.text*)
 .text.main     0x08000658       0x3e ./Core/Src/main.o
                0x08000658                main
 .text.SystemClock_Config
                0x08000696       0xb6 ./Core/Src/main.o
                0x08000696                SystemClock_Config
 .text.MX_ADC1_Init
                0x0800074c       0xb8 ./Core/Src/main.o
 .text.MX_I2C1_Init
                0x08000804       0x5c ./Core/Src/main.o
 .text.MX_I2C2_Init
                0x08000860       0x5c ./Core/Src/main.o
 .text.MX_TIM1_Init
                0x080008bc       0xac ./Core/Src/main.o
 .text.MX_TIM2_Init
                0x08000968       0xb0 ./Core/Src/main.o
 .text.MX_USART1_UART_Init
                0x08000a18       0x54 ./Core/Src/main.o
 .text.MX_USART2_UART_Init
                0x08000a6c       0x54 ./Core/Src/main.o
 .text.MX_DMA_Init
                0x08000ac0       0x3c ./Core/Src/main.o
 .text.MX_GPIO_Init
                0x08000afc      0x154 ./Core/Src/main.o
 .text.Error_Handler
                0x08000c50        0xc ./Core/Src/main.o
                0x08000c50                Error_Handler
 .text.HAL_MspInit
                0x08000c5c       0x64 ./Core/Src/stm32f1xx_hal_msp.o
                0x08000c5c                HAL_MspInit
 .text.HAL_ADC_MspInit
                0x08000cc0      0x110 ./Core/Src/stm32f1xx_hal_msp.o
                0x08000cc0                HAL_ADC_MspInit
 .text.HAL_I2C_MspInit
                0x08000dd0      0x138 ./Core/Src/stm32f1xx_hal_msp.o
                0x08000dd0                HAL_I2C_MspInit
 .text.HAL_TIM_IC_MspInit
                0x08000f08       0x90 ./Core/Src/stm32f1xx_hal_msp.o
                0x08000f08                HAL_TIM_IC_MspInit
 .text.HAL_TIM_OC_MspInit
                0x08000f98       0x38 ./Core/Src/stm32f1xx_hal_msp.o
                0x08000f98                HAL_TIM_OC_MspInit
 .text.HAL_TIM_MspPostInit
                0x08000fd0       0x8c ./Core/Src/stm32f1xx_hal_msp.o
                0x08000fd0                HAL_TIM_MspPostInit
 .text.HAL_UART_MspInit
                0x0800105c       0xf0 ./Core/Src/stm32f1xx_hal_msp.o
                0x0800105c                HAL_UART_MspInit
 .text.NMI_Handler
                0x0800114c        0x8 ./Core/Src/stm32f1xx_it.o
                0x0800114c                NMI_Handler
 .text.HardFault_Handler
                0x08001154        0x8 ./Core/Src/stm32f1xx_it.o
                0x08001154                HardFault_Handler
 .text.MemManage_Handler
                0x0800115c        0x8 ./Core/Src/stm32f1xx_it.o
                0x0800115c                MemManage_Handler
 .text.BusFault_Handler
                0x08001164        0x8 ./Core/Src/stm32f1xx_it.o
                0x08001164                BusFault_Handler
 .text.UsageFault_Handler
                0x0800116c        0x8 ./Core/Src/stm32f1xx_it.o
                0x0800116c                UsageFault_Handler
 .text.SVC_Handler
                0x08001174        0xc ./Core/Src/stm32f1xx_it.o
                0x08001174                SVC_Handler
 .text.DebugMon_Handler
                0x08001180        0xc ./Core/Src/stm32f1xx_it.o
                0x08001180                DebugMon_Handler
 .text.PendSV_Handler
                0x0800118c        0xc ./Core/Src/stm32f1xx_it.o
                0x0800118c                PendSV_Handler
 .text.SysTick_Handler
                0x08001198       0x10 ./Core/Src/stm32f1xx_it.o
                0x08001198                SysTick_Handler
 .text.DMA1_Channel1_IRQHandler
                0x080011a8       0x14 ./Core/Src/stm32f1xx_it.o
                0x080011a8                DMA1_Channel1_IRQHandler
 .text.ADC1_2_IRQHandler
                0x080011bc       0x14 ./Core/Src/stm32f1xx_it.o
                0x080011bc                ADC1_2_IRQHandler
 .text.TIM1_CC_IRQHandler
                0x080011d0       0x14 ./Core/Src/stm32f1xx_it.o
                0x080011d0                TIM1_CC_IRQHandler
 .text.I2C1_EV_IRQHandler
                0x080011e4       0x14 ./Core/Src/stm32f1xx_it.o
                0x080011e4                I2C1_EV_IRQHandler
 .text.I2C1_ER_IRQHandler
                0x080011f8       0x14 ./Core/Src/stm32f1xx_it.o
                0x080011f8                I2C1_ER_IRQHandler
 .text.I2C2_EV_IRQHandler
                0x0800120c       0x14 ./Core/Src/stm32f1xx_it.o
                0x0800120c                I2C2_EV_IRQHandler
 .text.I2C2_ER_IRQHandler
                0x08001220       0x14 ./Core/Src/stm32f1xx_it.o
                0x08001220                I2C2_ER_IRQHandler
 .text.EXTI15_10_IRQHandler
                0x08001234       0x10 ./Core/Src/stm32f1xx_it.o
                0x08001234                EXTI15_10_IRQHandler
 .text._sbrk    0x08001244       0x6c ./Core/Src/sysmem.o
                0x08001244                _sbrk
 .text.SystemInit
                0x080012b0        0xc ./Core/Src/system_stm32f1xx.o
                0x080012b0                SystemInit
 .text.Reset_Handler
                0x080012bc       0x48 ./Core/Startup/startup_stm32f103rbtx.o
                0x080012bc                Reset_Handler
 .text.Default_Handler
                0x08001304        0x2 ./Core/Startup/startup_stm32f103rbtx.o
                0x08001304                RTC_Alarm_IRQHandler
                0x08001304                EXTI2_IRQHandler
                0x08001304                PVD_IRQHandler
                0x08001304                EXTI3_IRQHandler
                0x08001304                EXTI0_IRQHandler
                0x08001304                SPI1_IRQHandler
                0x08001304                TAMPER_IRQHandler
                0x08001304                DMA1_Channel4_IRQHandler
                0x08001304                USART3_IRQHandler
                0x08001304                RTC_IRQHandler
                0x08001304                DMA1_Channel7_IRQHandler
                0x08001304                CAN1_RX1_IRQHandler
                0x08001304                TIM4_IRQHandler
                0x08001304                DMA1_Channel6_IRQHandler
                0x08001304                TIM3_IRQHandler
                0x08001304                RCC_IRQHandler
                0x08001304                TIM1_TRG_COM_IRQHandler
                0x08001304                Default_Handler
                0x08001304                EXTI9_5_IRQHandler
                0x08001304                SPI2_IRQHandler
                0x08001304                DMA1_Channel5_IRQHandler
                0x08001304                EXTI4_IRQHandler
                0x08001304                USB_LP_CAN1_RX0_IRQHandler
                0x08001304                USB_HP_CAN1_TX_IRQHandler
                0x08001304                DMA1_Channel3_IRQHandler
                0x08001304                TIM1_UP_IRQHandler
                0x08001304                WWDG_IRQHandler
                0x08001304                TIM2_IRQHandler
                0x08001304                TIM1_BRK_IRQHandler
                0x08001304                EXTI1_IRQHandler
                0x08001304                USART2_IRQHandler
                0x08001304                DMA1_Channel2_IRQHandler
                0x08001304                CAN1_SCE_IRQHandler
                0x08001304                FLASH_IRQHandler
                0x08001304                USART1_IRQHandler
                0x08001304                USBWakeUp_IRQHandler
 *fill*         0x08001306        0x2 
 .text.HAL_Init
                0x08001308       0x2c ./Drivers/STM32F1xx_HAL_Driver/Src/stm32f1xx_hal.o
                0x08001308                HAL_Init
 .text.HAL_InitTick
                0x08001334       0x60 ./Drivers/STM32F1xx_HAL_Driver/Src/stm32f1xx_hal.o
                0x08001334                HAL_InitTick
 .text.HAL_IncTick
                0x08001394       0x24 ./Drivers/STM32F1xx_HAL_Driver/Src/stm32f1xx_hal.o
                0x08001394                HAL_IncTick
 .text.HAL_GetTick
                0x080013b8       0x14 ./Drivers/STM32F1xx_HAL_Driver/Src/stm32f1xx_hal.o
                0x080013b8                HAL_GetTick
 .text.HAL_Delay
                0x080013cc       0x48 ./Drivers/STM32F1xx_HAL_Driver/Src/stm32f1xx_hal.o
                0x080013cc                HAL_Delay
 .text.HAL_ADC_Init
                0x08001414      0x1b0 ./Drivers/STM32F1xx_HAL_Driver/Src/stm32f1xx_hal_adc.o
                0x08001414                HAL_ADC_Init
 .text.HAL_ADC_Start_DMA
                0x080015c4      0x1bc ./Drivers/STM32F1xx_HAL_Driver/Src/stm32f1xx_hal_adc.o
                0x080015c4                HAL_ADC_Start_DMA
 .text.HAL_ADC_IRQHandler
                0x08001780      0x17e ./Drivers/STM32F1xx_HAL_Driver/Src/stm32f1xx_hal_adc.o
                0x08001780                HAL_ADC_IRQHandler
 .text.HAL_ADC_ConvCpltCallback
                0x080018fe       0x12 ./Drivers/STM32F1xx_HAL_Driver/Src/stm32f1xx_hal_adc.o
                0x080018fe                HAL_ADC_ConvCpltCallback
 .text.HAL_ADC_ConvHalfCpltCallback
                0x08001910       0x12 ./Drivers/STM32F1xx_HAL_Driver/Src/stm32f1xx_hal_adc.o
                0x08001910                HAL_ADC_ConvHalfCpltCallback
 .text.HAL_ADC_LevelOutOfWindowCallback
                0x08001922       0x12 ./Drivers/STM32F1xx_HAL_Driver/Src/stm32f1xx_hal_adc.o
                0x08001922                HAL_ADC_LevelOutOfWindowCallback
 .text.HAL_ADC_ErrorCallback
                0x08001934       0x12 ./Drivers/STM32F1xx_HAL_Driver/Src/stm32f1xx_hal_adc.o
                0x08001934                HAL_ADC_ErrorCallback
 *fill*         0x08001946        0x2 
 .text.HAL_ADC_ConfigChannel
                0x08001948      0x1f0 ./Drivers/STM32F1xx_HAL_Driver/Src/stm32f1xx_hal_adc.o
                0x08001948                HAL_ADC_ConfigChannel
 .text.ADC_Enable
                0x08001b38       0xb4 ./Drivers/STM32F1xx_HAL_Driver/Src/stm32f1xx_hal_adc.o
                0x08001b38                ADC_Enable
 .text.ADC_ConversionStop_Disable
                0x08001bec       0x82 ./Drivers/STM32F1xx_HAL_Driver/Src/stm32f1xx_hal_adc.o
                0x08001bec                ADC_ConversionStop_Disable
 .text.ADC_DMAConvCplt
                0x08001c6e       0x7c ./Drivers/STM32F1xx_HAL_Driver/Src/stm32f1xx_hal_adc.o
                0x08001c6e                ADC_DMAConvCplt
 .text.ADC_DMAHalfConvCplt
                0x08001cea       0x1c ./Drivers/STM32F1xx_HAL_Driver/Src/stm32f1xx_hal_adc.o
                0x08001cea                ADC_DMAHalfConvCplt
 .text.ADC_DMAError
                0x08001d06       0x34 ./Drivers/STM32F1xx_HAL_Driver/Src/stm32f1xx_hal_adc.o
                0x08001d06                ADC_DMAError
 .text.HAL_ADCEx_InjectedConvCpltCallback
                0x08001d3a       0x12 ./Drivers/STM32F1xx_HAL_Driver/Src/stm32f1xx_hal_adc_ex.o
                0x08001d3a                HAL_ADCEx_InjectedConvCpltCallback
 .text.__NVIC_SetPriorityGrouping
                0x08001d4c       0x48 ./Drivers/STM32F1xx_HAL_Driver/Src/stm32f1xx_hal_cortex.o
 .text.__NVIC_GetPriorityGrouping
                0x08001d94       0x1c ./Drivers/STM32F1xx_HAL_Driver/Src/stm32f1xx_hal_cortex.o
 .text.__NVIC_EnableIRQ
                0x08001db0       0x38 ./Drivers/STM32F1xx_HAL_Driver/Src/stm32f1xx_hal_cortex.o
 .text.__NVIC_SetPriority
                0x08001de8       0x54 ./Drivers/STM32F1xx_HAL_Driver/Src/stm32f1xx_hal_cortex.o
 .text.NVIC_EncodePriority
                0x08001e3c       0x64 ./Drivers/STM32F1xx_HAL_Driver/Src/stm32f1xx_hal_cortex.o
 .text.SysTick_Config
                0x08001ea0       0x44 ./Drivers/STM32F1xx_HAL_Driver/Src/stm32f1xx_hal_cortex.o
 .text.HAL_NVIC_SetPriorityGrouping
                0x08001ee4       0x16 ./Drivers/STM32F1xx_HAL_Driver/Src/stm32f1xx_hal_cortex.o
                0x08001ee4                HAL_NVIC_SetPriorityGrouping
 .text.HAL_NVIC_SetPriority
                0x08001efa       0x38 ./Drivers/STM32F1xx_HAL_Driver/Src/stm32f1xx_hal_cortex.o
                0x08001efa                HAL_NVIC_SetPriority
 .text.HAL_NVIC_EnableIRQ
                0x08001f32       0x1c ./Drivers/STM32F1xx_HAL_Driver/Src/stm32f1xx_hal_cortex.o
                0x08001f32                HAL_NVIC_EnableIRQ
 .text.HAL_SYSTICK_Config
                0x08001f4e       0x18 ./Drivers/STM32F1xx_HAL_Driver/Src/stm32f1xx_hal_cortex.o
                0x08001f4e                HAL_SYSTICK_Config
 .text.HAL_SYSTICK_IRQHandler
                0x08001f66        0xc ./Drivers/STM32F1xx_HAL_Driver/Src/stm32f1xx_hal_cortex.o
                0x08001f66                HAL_SYSTICK_IRQHandler
 *fill*         0x08001f72        0x2 
 .text.HAL_DMA_Init
                0x08001f74       0xb4 ./Drivers/STM32F1xx_HAL_Driver/Src/stm32f1xx_hal_dma.o
                0x08001f74                HAL_DMA_Init
 .text.HAL_DMA_Start_IT
                0x08002028       0xc0 ./Drivers/STM32F1xx_HAL_Driver/Src/stm32f1xx_hal_dma.o
                0x08002028                HAL_DMA_Start_IT
 .text.HAL_DMA_Abort_IT
                0x080020e8       0xf0 ./Drivers/STM32F1xx_HAL_Driver/Src/stm32f1xx_hal_dma.o
                0x080020e8                HAL_DMA_Abort_IT
 .text.HAL_DMA_IRQHandler
                0x080021d8      0x20c ./Drivers/STM32F1xx_HAL_Driver/Src/stm32f1xx_hal_dma.o
                0x080021d8                HAL_DMA_IRQHandler
 .text.HAL_DMA_GetState
                0x080023e4       0x1a ./Drivers/STM32F1xx_HAL_Driver/Src/stm32f1xx_hal_dma.o
                0x080023e4                HAL_DMA_GetState
 .text.DMA_SetConfig
                0x080023fe       0x5a ./Drivers/STM32F1xx_HAL_Driver/Src/stm32f1xx_hal_dma.o
 .text.HAL_GPIO_Init
                0x08002458      0x308 ./Drivers/STM32F1xx_HAL_Driver/Src/stm32f1xx_hal_gpio.o
                0x08002458                HAL_GPIO_Init
 .text.HAL_GPIO_ReadPin
                0x08002760       0x2e ./Drivers/STM32F1xx_HAL_Driver/Src/stm32f1xx_hal_gpio.o
                0x08002760                HAL_GPIO_ReadPin
 .text.HAL_GPIO_WritePin
                0x0800278e       0x30 ./Drivers/STM32F1xx_HAL_Driver/Src/stm32f1xx_hal_gpio.o
                0x0800278e                HAL_GPIO_WritePin
 *fill*         0x080027be        0x2 
 .text.HAL_GPIO_EXTI_IRQHandler
                0x080027c0       0x30 ./Drivers/STM32F1xx_HAL_Driver/Src/stm32f1xx_hal_gpio.o
                0x080027c0                HAL_GPIO_EXTI_IRQHandler
 .text.HAL_GPIO_EXTI_Callback
                0x080027f0       0x14 ./Drivers/STM32F1xx_HAL_Driver/Src/stm32f1xx_hal_gpio.o
                0x080027f0                HAL_GPIO_EXTI_Callback
 .text.HAL_I2C_Init
                0x08002804      0x288 ./Drivers/STM32F1xx_HAL_Driver/Src/stm32f1xx_hal_i2c.o
                0x08002804                HAL_I2C_Init
 .text.I2C_Flush_DR
                0x08002a8c       0x28 ./Drivers/STM32F1xx_HAL_Driver/Src/stm32f1xx_hal_i2c.o
 .text.HAL_I2C_Master_Transmit
                0x08002ab4      0x1fc ./Drivers/STM32F1xx_HAL_Driver/Src/stm32f1xx_hal_i2c.o
                0x08002ab4                HAL_I2C_Master_Transmit
 .text.HAL_I2C_Mem_Write
                0x08002cb0      0x1f4 ./Drivers/STM32F1xx_HAL_Driver/Src/stm32f1xx_hal_i2c.o
                0x08002cb0                HAL_I2C_Mem_Write
 .text.HAL_I2C_Mem_Read
                0x08002ea4      0x4e8 ./Drivers/STM32F1xx_HAL_Driver/Src/stm32f1xx_hal_i2c.o
                0x08002ea4                HAL_I2C_Mem_Read
 .text.HAL_I2C_EV_IRQHandler
                0x0800338c      0x2e2 ./Drivers/STM32F1xx_HAL_Driver/Src/stm32f1xx_hal_i2c.o
                0x0800338c                HAL_I2C_EV_IRQHandler
 .text.HAL_I2C_ER_IRQHandler
                0x0800366e      0x15e ./Drivers/STM32F1xx_HAL_Driver/Src/stm32f1xx_hal_i2c.o
                0x0800366e                HAL_I2C_ER_IRQHandler
 .text.HAL_I2C_MasterTxCpltCallback
                0x080037cc       0x12 ./Drivers/STM32F1xx_HAL_Driver/Src/stm32f1xx_hal_i2c.o
                0x080037cc                HAL_I2C_MasterTxCpltCallback
 .text.HAL_I2C_MasterRxCpltCallback
                0x080037de       0x12 ./Drivers/STM32F1xx_HAL_Driver/Src/stm32f1xx_hal_i2c.o
                0x080037de                HAL_I2C_MasterRxCpltCallback
 .text.HAL_I2C_SlaveTxCpltCallback
                0x080037f0       0x12 ./Drivers/STM32F1xx_HAL_Driver/Src/stm32f1xx_hal_i2c.o
                0x080037f0                HAL_I2C_SlaveTxCpltCallback
 .text.HAL_I2C_SlaveRxCpltCallback
                0x08003802       0x12 ./Drivers/STM32F1xx_HAL_Driver/Src/stm32f1xx_hal_i2c.o
                0x08003802                HAL_I2C_SlaveRxCpltCallback
 .text.HAL_I2C_AddrCallback
                0x08003814       0x1a ./Drivers/STM32F1xx_HAL_Driver/Src/stm32f1xx_hal_i2c.o
                0x08003814                HAL_I2C_AddrCallback
 .text.HAL_I2C_ListenCpltCallback
                0x0800382e       0x12 ./Drivers/STM32F1xx_HAL_Driver/Src/stm32f1xx_hal_i2c.o
                0x0800382e                HAL_I2C_ListenCpltCallback
 .text.HAL_I2C_MemTxCpltCallback
                0x08003840       0x12 ./Drivers/STM32F1xx_HAL_Driver/Src/stm32f1xx_hal_i2c.o
                0x08003840                HAL_I2C_MemTxCpltCallback
 .text.HAL_I2C_MemRxCpltCallback
                0x08003852       0x12 ./Drivers/STM32F1xx_HAL_Driver/Src/stm32f1xx_hal_i2c.o
                0x08003852                HAL_I2C_MemRxCpltCallback
 .text.HAL_I2C_ErrorCallback
                0x08003864       0x12 ./Drivers/STM32F1xx_HAL_Driver/Src/stm32f1xx_hal_i2c.o
                0x08003864                HAL_I2C_ErrorCallback
 .text.HAL_I2C_AbortCpltCallback
                0x08003876       0x12 ./Drivers/STM32F1xx_HAL_Driver/Src/stm32f1xx_hal_i2c.o
                0x08003876                HAL_I2C_AbortCpltCallback
 .text.I2C_MasterTransmit_TXE
                0x08003888      0x138 ./Drivers/STM32F1xx_HAL_Driver/Src/stm32f1xx_hal_i2c.o
 .text.I2C_MasterTransmit_BTF
                0x080039c0       0xec ./Drivers/STM32F1xx_HAL_Driver/Src/stm32f1xx_hal_i2c.o
 .text.I2C_MemoryTransmit_TXE_BTF
                0x08003aac      0x130 ./Drivers/STM32F1xx_HAL_Driver/Src/stm32f1xx_hal_i2c.o
 .text.I2C_MasterReceive_RXNE
                0x08003bdc      0x190 ./Drivers/STM32F1xx_HAL_Driver/Src/stm32f1xx_hal_i2c.o
 .text.I2C_MasterReceive_BTF
                0x08003d6c      0x1e2 ./Drivers/STM32F1xx_HAL_Driver/Src/stm32f1xx_hal_i2c.o
 .text.I2C_Master_SB
                0x08003f4e      0x10a ./Drivers/STM32F1xx_HAL_Driver/Src/stm32f1xx_hal_i2c.o
 .text.I2C_Master_ADD10
                0x08004058       0x52 ./Drivers/STM32F1xx_HAL_Driver/Src/stm32f1xx_hal_i2c.o
 .text.I2C_Master_ADDR
                0x080040aa      0x336 ./Drivers/STM32F1xx_HAL_Driver/Src/stm32f1xx_hal_i2c.o
 .text.I2C_SlaveTransmit_TXE
                0x080043e0       0x7a ./Drivers/STM32F1xx_HAL_Driver/Src/stm32f1xx_hal_i2c.o
 .text.I2C_SlaveTransmit_BTF
                0x0800445a       0x40 ./Drivers/STM32F1xx_HAL_Driver/Src/stm32f1xx_hal_i2c.o
 .text.I2C_SlaveReceive_RXNE
                0x0800449a       0x7c ./Drivers/STM32F1xx_HAL_Driver/Src/stm32f1xx_hal_i2c.o
 .text.I2C_SlaveReceive_BTF
                0x08004516       0x42 ./Drivers/STM32F1xx_HAL_Driver/Src/stm32f1xx_hal_i2c.o
 .text.I2C_Slave_ADDR
                0x08004558       0x94 ./Drivers/STM32F1xx_HAL_Driver/Src/stm32f1xx_hal_i2c.o
 .text.I2C_Slave_STOPF
                0x080045ec      0x260 ./Drivers/STM32F1xx_HAL_Driver/Src/stm32f1xx_hal_i2c.o
 .text.I2C_Slave_AF
                0x0800484c       0xe8 ./Drivers/STM32F1xx_HAL_Driver/Src/stm32f1xx_hal_i2c.o
 .text.I2C_ITError
                0x08004934      0x264 ./Drivers/STM32F1xx_HAL_Driver/Src/stm32f1xx_hal_i2c.o
 .text.I2C_MasterRequestWrite
                0x08004b98      0x104 ./Drivers/STM32F1xx_HAL_Driver/Src/stm32f1xx_hal_i2c.o
 .text.I2C_RequestMemoryWrite
                0x08004c9c      0x12c ./Drivers/STM32F1xx_HAL_Driver/Src/stm32f1xx_hal_i2c.o
 .text.I2C_RequestMemoryRead
                0x08004dc8      0x1d0 ./Drivers/STM32F1xx_HAL_Driver/Src/stm32f1xx_hal_i2c.o
 .text.I2C_DMAAbort
                0x08004f98      0x150 ./Drivers/STM32F1xx_HAL_Driver/Src/stm32f1xx_hal_i2c.o
 .text.I2C_WaitOnFlagUntilTimeout
                0x080050e8       0xf4 ./Drivers/STM32F1xx_HAL_Driver/Src/stm32f1xx_hal_i2c.o
 .text.I2C_WaitOnMasterAddressFlagUntilTimeout
                0x080051dc      0x140 ./Drivers/STM32F1xx_HAL_Driver/Src/stm32f1xx_hal_i2c.o
 .text.I2C_WaitOnTXEFlagUntilTimeout
                0x0800531c       0x90 ./Drivers/STM32F1xx_HAL_Driver/Src/stm32f1xx_hal_i2c.o
 .text.I2C_WaitOnBTFFlagUntilTimeout
                0x080053ac       0x90 ./Drivers/STM32F1xx_HAL_Driver/Src/stm32f1xx_hal_i2c.o
 .text.I2C_WaitOnSTOPRequestThroughIT
                0x0800543c       0x64 ./Drivers/STM32F1xx_HAL_Driver/Src/stm32f1xx_hal_i2c.o
 .text.I2C_WaitOnRXNEFlagUntilTimeout
                0x080054a0       0xba ./Drivers/STM32F1xx_HAL_Driver/Src/stm32f1xx_hal_i2c.o
 .text.I2C_IsAcknowledgeFailed
                0x0800555a       0x5c ./Drivers/STM32F1xx_HAL_Driver/Src/stm32f1xx_hal_i2c.o
 .text.I2C_ConvertOtherXferOptions
                0x080055b6       0x34 ./Drivers/STM32F1xx_HAL_Driver/Src/stm32f1xx_hal_i2c.o
 *fill*         0x080055ea        0x2 
 .text.HAL_RCC_OscConfig
                0x080055ec      0x504 ./Drivers/STM32F1xx_HAL_Driver/Src/stm32f1xx_hal_rcc.o
                0x080055ec                HAL_RCC_OscConfig
 .text.HAL_RCC_ClockConfig
                0x08005af0      0x1d4 ./Drivers/STM32F1xx_HAL_Driver/Src/stm32f1xx_hal_rcc.o
                0x08005af0                HAL_RCC_ClockConfig
 .text.HAL_RCC_GetSysClockFreq
                0x08005cc4       0xa8 ./Drivers/STM32F1xx_HAL_Driver/Src/stm32f1xx_hal_rcc.o
                0x08005cc4                HAL_RCC_GetSysClockFreq
 .text.HAL_RCC_GetHCLKFreq
                0x08005d6c       0x14 ./Drivers/STM32F1xx_HAL_Driver/Src/stm32f1xx_hal_rcc.o
                0x08005d6c                HAL_RCC_GetHCLKFreq
 .text.HAL_RCC_GetPCLK1Freq
                0x08005d80       0x28 ./Drivers/STM32F1xx_HAL_Driver/Src/stm32f1xx_hal_rcc.o
                0x08005d80                HAL_RCC_GetPCLK1Freq
 .text.HAL_RCC_GetPCLK2Freq
                0x08005da8       0x28 ./Drivers/STM32F1xx_HAL_Driver/Src/stm32f1xx_hal_rcc.o
                0x08005da8                HAL_RCC_GetPCLK2Freq
 .text.RCC_Delay
                0x08005dd0       0x3c ./Drivers/STM32F1xx_HAL_Driver/Src/stm32f1xx_hal_rcc.o
 .text.HAL_RCCEx_PeriphCLKConfig
                0x08005e0c      0x16c ./Drivers/STM32F1xx_HAL_Driver/Src/stm32f1xx_hal_rcc_ex.o
                0x08005e0c                HAL_RCCEx_PeriphCLKConfig
 .text.HAL_TIM_OC_Init
                0x08005f78       0x9e ./Drivers/STM32F1xx_HAL_Driver/Src/stm32f1xx_hal_tim.o
                0x08005f78                HAL_TIM_OC_Init
 .text.HAL_TIM_IC_Init
                0x08006016       0x9e ./Drivers/STM32F1xx_HAL_Driver/Src/stm32f1xx_hal_tim.o
                0x08006016                HAL_TIM_IC_Init
 .text.HAL_TIM_IC_Start_IT
                0x080060b4      0x218 ./Drivers/STM32F1xx_HAL_Driver/Src/stm32f1xx_hal_tim.o
                0x080060b4                HAL_TIM_IC_Start_IT
 .text.HAL_TIM_IRQHandler
                0x080062cc      0x1e0 ./Drivers/STM32F1xx_HAL_Driver/Src/stm32f1xx_hal_tim.o
                0x080062cc                HAL_TIM_IRQHandler
 .text.HAL_TIM_OC_ConfigChannel
                0x080064ac       0xb8 ./Drivers/STM32F1xx_HAL_Driver/Src/stm32f1xx_hal_tim.o
                0x080064ac                HAL_TIM_OC_ConfigChannel
 .text.HAL_TIM_IC_ConfigChannel
                0x08006564      0x138 ./Drivers/STM32F1xx_HAL_Driver/Src/stm32f1xx_hal_tim.o
                0x08006564                HAL_TIM_IC_ConfigChannel
 .text.HAL_TIM_ReadCapturedValue
                0x0800669c       0x88 ./Drivers/STM32F1xx_HAL_Driver/Src/stm32f1xx_hal_tim.o
                0x0800669c                HAL_TIM_ReadCapturedValue
 .text.HAL_TIM_PeriodElapsedCallback
                0x08006724       0x12 ./Drivers/STM32F1xx_HAL_Driver/Src/stm32f1xx_hal_tim.o
                0x08006724                HAL_TIM_PeriodElapsedCallback
 .text.HAL_TIM_OC_DelayElapsedCallback
                0x08006736       0x12 ./Drivers/STM32F1xx_HAL_Driver/Src/stm32f1xx_hal_tim.o
                0x08006736                HAL_TIM_OC_DelayElapsedCallback
 .text.HAL_TIM_PWM_PulseFinishedCallback
                0x08006748       0x12 ./Drivers/STM32F1xx_HAL_Driver/Src/stm32f1xx_hal_tim.o
                0x08006748                HAL_TIM_PWM_PulseFinishedCallback
 .text.HAL_TIM_TriggerCallback
                0x0800675a       0x12 ./Drivers/STM32F1xx_HAL_Driver/Src/stm32f1xx_hal_tim.o
                0x0800675a                HAL_TIM_TriggerCallback
 .text.TIM_Base_SetConfig
                0x0800676c       0xdc ./Drivers/STM32F1xx_HAL_Driver/Src/stm32f1xx_hal_tim.o
                0x0800676c                TIM_Base_SetConfig
 .text.TIM_OC1_SetConfig
                0x08006848       0xcc ./Drivers/STM32F1xx_HAL_Driver/Src/stm32f1xx_hal_tim.o
 .text.TIM_OC2_SetConfig
                0x08006914       0xd4 ./Drivers/STM32F1xx_HAL_Driver/Src/stm32f1xx_hal_tim.o
                0x08006914                TIM_OC2_SetConfig
 .text.TIM_OC3_SetConfig
                0x080069e8       0xd4 ./Drivers/STM32F1xx_HAL_Driver/Src/stm32f1xx_hal_tim.o
 .text.TIM_OC4_SetConfig
                0x08006abc       0x9c ./Drivers/STM32F1xx_HAL_Driver/Src/stm32f1xx_hal_tim.o
 .text.TIM_TI1_SetConfig
                0x08006b58       0xb4 ./Drivers/STM32F1xx_HAL_Driver/Src/stm32f1xx_hal_tim.o
                0x08006b58                TIM_TI1_SetConfig
 .text.TIM_TI2_SetConfig
                0x08006c0c       0x78 ./Drivers/STM32F1xx_HAL_Driver/Src/stm32f1xx_hal_tim.o
 .text.TIM_TI3_SetConfig
                0x08006c84       0x76 ./Drivers/STM32F1xx_HAL_Driver/Src/stm32f1xx_hal_tim.o
 .text.TIM_TI4_SetConfig
                0x08006cfa       0x78 ./Drivers/STM32F1xx_HAL_Driver/Src/stm32f1xx_hal_tim.o
 .text.TIM_CCxChannelCmd
                0x08006d72       0x48 ./Drivers/STM32F1xx_HAL_Driver/Src/stm32f1xx_hal_tim.o
                0x08006d72                TIM_CCxChannelCmd
 *fill*         0x08006dba        0x2 
 .text.HAL_TIMEx_MasterConfigSynchronization
                0x08006dbc       0xbc ./Drivers/STM32F1xx_HAL_Driver/Src/stm32f1xx_hal_tim_ex.o
                0x08006dbc                HAL_TIMEx_MasterConfigSynchronization
 .text.HAL_TIMEx_CommutCallback
                0x08006e78       0x12 ./Drivers/STM32F1xx_HAL_Driver/Src/stm32f1xx_hal_tim_ex.o
                0x08006e78                HAL_TIMEx_CommutCallback
 .text.HAL_TIMEx_BreakCallback
                0x08006e8a       0x12 ./Drivers/STM32F1xx_HAL_Driver/Src/stm32f1xx_hal_tim_ex.o
                0x08006e8a                HAL_TIMEx_BreakCallback
 .text.HAL_UART_Init
                0x08006e9c       0xa0 ./Drivers/STM32F1xx_HAL_Driver/Src/stm32f1xx_hal_uart.o
                0x08006e9c                HAL_UART_Init
 .text.UART_SetConfig
                0x08006f3c      0x11c ./Drivers/STM32F1xx_HAL_Driver/Src/stm32f1xx_hal_uart.o
 .text.app_init
                0x08007058      0x2d8 ./app/src/app.o
                0x08007058                app_init
 .text.app_update
                0x08007330      0x104 ./app/src/app.o
                0x08007330                app_update
 .text.HAL_SYSTICK_Callback
                0x08007434       0x70 ./app/src/app.o
                0x08007434                HAL_SYSTICK_Callback
 .text.logger_log_print_
                0x080074a4       0x28 ./app/src/logger.o
                0x080074a4                logger_log_print_
 .text.task_actuator_init
                0x080074cc      0x230 ./app/src/task_actuator.o
                0x080074cc                task_actuator_init
 .text.task_actuator_update
                0x080076fc       0x68 ./app/src/task_actuator.o
                0x080076fc                task_actuator_update
 .text.led_on   0x08007764       0x6c ./app/src/task_actuator.o
                0x08007764                led_on
 .text.led_off  0x080077d0       0x6c ./app/src/task_actuator.o
                0x080077d0                led_off
 .text.test_leds
                0x0800783c       0xa0 ./app/src/task_actuator.o
                0x0800783c                test_leds
 .text.mostrar_estado_leds
                0x080078dc       0xac ./app/src/task_actuator.o
                0x080078dc                mostrar_estado_leds
 .text.actualizar_temperatura_actual
                0x08007988       0x60 ./app/src/task_adc.o
 .text.joystick_event
                0x080079e8       0xc0 ./app/src/task_adc.o
 .text.joystick_arriba
                0x08007aa8       0x12 ./app/src/task_adc.o
                0x08007aa8                joystick_arriba
 .text.joystick_abajo
                0x08007aba       0x14 ./app/src/task_adc.o
                0x08007aba                joystick_abajo
 .text.joystick_derecha
                0x08007ace       0x12 ./app/src/task_adc.o
                0x08007ace                joystick_derecha
 .text.joystick_izquierda
                0x08007ae0       0x14 ./app/src/task_adc.o
                0x08007ae0                joystick_izquierda
 .text.potenciometro_test
                0x08007af4       0x30 ./app/src/task_adc.o
                0x08007af4                potenciometro_test
 .text.task_adc_update
                0x08007b24       0x6c ./app/src/task_adc.o
                0x08007b24                task_adc_update
 .text.task_adc_init
                0x08007b90      0x20c ./app/src/task_adc.o
                0x08007b90                task_adc_init
 .text.button_process
                0x08007d9c       0x90 ./app/src/task_botones.o
 .text.boton1_presionado
                0x08007e2c       0x20 ./app/src/task_botones.o
                0x08007e2c                boton1_presionado
 .text.boton2_presionado
                0x08007e4c       0x20 ./app/src/task_botones.o
                0x08007e4c                boton2_presionado
 .text.boton3_presionado
                0x08007e6c       0x20 ./app/src/task_botones.o
                0x08007e6c                boton3_presionado
 .text.boton1_falling_edge
                0x08007e8c       0x60 ./app/src/task_botones.o
                0x08007e8c                boton1_falling_edge
 .text.task_botones_update
                0x08007eec      0x190 ./app/src/task_botones.o
                0x08007eec                task_botones_update
 .text.task_botones_init
                0x0800807c      0x1f4 ./app/src/task_botones.o
                0x0800807c                task_botones_init
 .text.__NVIC_SystemReset
                0x08008270       0x2c ./app/src/task_cafe_fsm.o
 .text.task_cafe_fsm_init
                0x0800829c      0x204 ./app/src/task_cafe_fsm.o
                0x0800829c                task_cafe_fsm_init
 .text.sistema_autotest_ok
                0x080084a0       0x40 ./app/src/task_cafe_fsm.o
 .text.detectar_evento
                0x080084e0       0x90 ./app/src/task_cafe_fsm.o
                0x080084e0                detectar_evento
 .text.fsm_off_handle
                0x08008570      0x154 ./app/src/task_cafe_fsm.o
 .text.fsm_diagnostico_handle
                0x080086c4       0x58 ./app/src/task_cafe_fsm.o
 .text.fsm_fabricante_handle
                0x0800871c      0x17c ./app/src/task_cafe_fsm.o
 .text.fsm_stock_handle
                0x08008898      0x2ec ./app/src/task_cafe_fsm.o
 .text.fsm_temp_deseada_handle
                0x08008b84      0x180 ./app/src/task_cafe_fsm.o
 .text.fsm_menu_principal_handle
                0x08008d04       0xc4 ./app/src/task_cafe_fsm.o
 .text.fsm_seleccion_cafe_handle
                0x08008dc8      0x29c ./app/src/task_cafe_fsm.o
 .text.fsm_personal_handle
                0x08009064      0x304 ./app/src/task_cafe_fsm.o
 .text.fsm_brewing_handle
                0x08009368      0x324 ./app/src/task_cafe_fsm.o
 .text.fsm_save_energy_handle
                0x0800968c       0x80 ./app/src/task_cafe_fsm.o
 .text.fsm_error_handle
                0x0800970c       0xa0 ./app/src/task_cafe_fsm.o
 .text.cafe_fsm_update_core
                0x080097ac      0x118 ./app/src/task_cafe_fsm.o
                0x080097ac                cafe_fsm_update_core
 .text.task_cafe_fsm_update
                0x080098c4       0x78 ./app/src/task_cafe_fsm.o
                0x080098c4                task_cafe_fsm_update
 .text.lcd_send_cmd
                0x0800993c       0x60 ./app/src/task_lcd.o
 .text.lcd_send_data
                0x0800999c       0x60 ./app/src/task_lcd.o
 .text.lcd_put_cur
                0x080099fc       0x34 ./app/src/task_lcd.o
 .text.lcd_init
                0x08009a30       0x62 ./app/src/task_lcd.o
 *fill*         0x08009a92        0x2 
 .text.lcd_print_if_changed
                0x08009a94       0xf4 ./app/src/task_lcd.o
                0x08009a94                lcd_print_if_changed
 .text.lcd_fsm_update
                0x08009b88       0xf8 ./app/src/task_lcd.o
                0x08009b88                lcd_fsm_update
 .text.lcd_test
                0x08009c80       0x26 ./app/src/task_lcd.o
                0x08009c80                lcd_test
 *fill*         0x08009ca6        0x2 
 .text.task_lcd_init
                0x08009ca8      0x1fc ./app/src/task_lcd.o
                0x08009ca8                task_lcd_init
 .text.task_lcd_update
                0x08009ea4       0x6c ./app/src/task_lcd.o
                0x08009ea4                task_lcd_update
 .text.task_sensor_ultrasonico_init
                0x08009f10      0x270 ./app/src/task_sensor.o
                0x08009f10                task_sensor_ultrasonico_init
 .text.task_sensor_ultrasonico_update
                0x0800a180       0x68 ./app/src/task_sensor.o
                0x0800a180                task_sensor_ultrasonico_update
 .text.HCSR04_Trigger
                0x0800a1e8       0x64 ./app/src/task_sensor.o
                0x0800a1e8                HCSR04_Trigger
 .text.HCSR04_Ready
                0x0800a24c       0x18 ./app/src/task_sensor.o
                0x0800a24c                HCSR04_Ready
 .text.HCSR04_GetLast
                0x0800a264       0x20 ./app/src/task_sensor.o
                0x0800a264                HCSR04_GetLast
 .text.HAL_TIM_IC_CaptureCallback
                0x0800a284      0x104 ./app/src/task_sensor.o
                0x0800a284                HAL_TIM_IC_CaptureCallback
 .text.sensor_ultrasonico_test
                0x0800a388       0x4c ./app/src/task_sensor.o
                0x0800a388                sensor_ultrasonico_test
 .text.check_stock
                0x0800a3d4       0x8c ./app/src/task_stock.o
                0x0800a3d4                check_stock
 .text.descontar_stock
                0x0800a460       0x8c ./app/src/task_stock.o
                0x0800a460                descontar_stock
 .text.check_stock_receta
                0x0800a4ec       0x6c ./app/src/task_stock.o
                0x0800a4ec                check_stock_receta
 .text.descontar_stock_receta
                0x0800a558       0x60 ./app/src/task_stock.o
                0x0800a558                descontar_stock_receta
 .text.get_stock
                0x0800a5b8       0x64 ./app/src/task_stock.o
                0x0800a5b8                get_stock
 .text.eeprom_test
                0x0800a61c       0x78 ./app/src/task_system.o
                0x0800a61c                eeprom_test
 .text.aplicar_config
                0x0800a694       0x74 ./app/src/task_system.o
 .text.eeprom_load_config
                0x0800a708       0xe8 ./app/src/task_system.o
                0x0800a708                eeprom_load_config
 .text.eeprom_start_save
                0x0800a7f0       0xb0 ./app/src/task_system.o
                0x0800a7f0                eeprom_start_save
 .text.eeprom_save_update
                0x0800a8a0       0xa0 ./app/src/task_system.o
                0x0800a8a0                eeprom_save_update
 .text.eeprom_start_read
                0x0800a940       0x3c ./app/src/task_system.o
                0x0800a940                eeprom_start_read
 .text.eeprom_update
                0x0800a97c       0xa8 ./app/src/task_system.o
                0x0800a97c                eeprom_update
 .text.task_system_init
                0x0800aa24      0x228 ./app/src/task_system.o
                0x0800aa24                task_system_init
 .text.task_system_update
                0x0800ac4c       0x70 ./app/src/task_system.o
                0x0800ac4c                task_system_update
 .text.findslot
                0x0800acbc       0x34 C:/ST/STM32CubeIDE_1.19.0/STM32CubeIDE/plugins/com.st.stm32cube.ide.mcu.externaltools.gnu-tools-for-stm32.13.3.rel1.win32_1.0.0.202411081344/tools/bin/../lib/gcc/arm-none-eabi/13.3.1/../../../../arm-none-eabi/lib/thumb/v7-m/nofp\librdimon_nano.a(arm_librdimon_a-syscalls.o)
 .text.error    0x0800acf0       0x1c C:/ST/STM32CubeIDE_1.19.0/STM32CubeIDE/plugins/com.st.stm32cube.ide.mcu.externaltools.gnu-tools-for-stm32.13.3.rel1.win32_1.0.0.202411081344/tools/bin/../lib/gcc/arm-none-eabi/13.3.1/../../../../arm-none-eabi/lib/thumb/v7-m/nofp\librdimon_nano.a(arm_librdimon_a-syscalls.o)
 .text.checkerror
                0x0800ad0c        0xa C:/ST/STM32CubeIDE_1.19.0/STM32CubeIDE/plugins/com.st.stm32cube.ide.mcu.externaltools.gnu-tools-for-stm32.13.3.rel1.win32_1.0.0.202411081344/tools/bin/../lib/gcc/arm-none-eabi/13.3.1/../../../../arm-none-eabi/lib/thumb/v7-m/nofp\librdimon_nano.a(arm_librdimon_a-syscalls.o)
 .text._swiread
                0x0800ad16       0x20 C:/ST/STM32CubeIDE_1.19.0/STM32CubeIDE/plugins/com.st.stm32cube.ide.mcu.externaltools.gnu-tools-for-stm32.13.3.rel1.win32_1.0.0.202411081344/tools/bin/../lib/gcc/arm-none-eabi/13.3.1/../../../../arm-none-eabi/lib/thumb/v7-m/nofp\librdimon_nano.a(arm_librdimon_a-syscalls.o)
                0x0800ad16                _swiread
 .text._read    0x0800ad36       0x34 C:/ST/STM32CubeIDE_1.19.0/STM32CubeIDE/plugins/com.st.stm32cube.ide.mcu.externaltools.gnu-tools-for-stm32.13.3.rel1.win32_1.0.0.202411081344/tools/bin/../lib/gcc/arm-none-eabi/13.3.1/../../../../arm-none-eabi/lib/thumb/v7-m/nofp\librdimon_nano.a(arm_librdimon_a-syscalls.o)
                0x0800ad36                _read
 .text._swilseek
                0x0800ad6a       0x78 C:/ST/STM32CubeIDE_1.19.0/STM32CubeIDE/plugins/com.st.stm32cube.ide.mcu.externaltools.gnu-tools-for-stm32.13.3.rel1.win32_1.0.0.202411081344/tools/bin/../lib/gcc/arm-none-eabi/13.3.1/../../../../arm-none-eabi/lib/thumb/v7-m/nofp\librdimon_nano.a(arm_librdimon_a-syscalls.o)
                0x0800ad6a                _swilseek
 .text._lseek   0x0800ade2        0x4 C:/ST/STM32CubeIDE_1.19.0/STM32CubeIDE/plugins/com.st.stm32cube.ide.mcu.externaltools.gnu-tools-for-stm32.13.3.rel1.win32_1.0.0.202411081344/tools/bin/../lib/gcc/arm-none-eabi/13.3.1/../../../../arm-none-eabi/lib/thumb/v7-m/nofp\librdimon_nano.a(arm_librdimon_a-syscalls.o)
                0x0800ade2                _lseek
 .text._swiwrite
                0x0800ade6       0x20 C:/ST/STM32CubeIDE_1.19.0/STM32CubeIDE/plugins/com.st.stm32cube.ide.mcu.externaltools.gnu-tools-for-stm32.13.3.rel1.win32_1.0.0.202411081344/tools/bin/../lib/gcc/arm-none-eabi/13.3.1/../../../../arm-none-eabi/lib/thumb/v7-m/nofp\librdimon_nano.a(arm_librdimon_a-syscalls.o)
                0x0800ade6                _swiwrite
 .text._write   0x0800ae06       0x40 C:/ST/STM32CubeIDE_1.19.0/STM32CubeIDE/plugins/com.st.stm32cube.ide.mcu.externaltools.gnu-tools-for-stm32.13.3.rel1.win32_1.0.0.202411081344/tools/bin/../lib/gcc/arm-none-eabi/13.3.1/../../../../arm-none-eabi/lib/thumb/v7-m/nofp\librdimon_nano.a(arm_librdimon_a-syscalls.o)
                0x0800ae06                _write
 .text._swiclose
                0x0800ae46       0x1a C:/ST/STM32CubeIDE_1.19.0/STM32CubeIDE/plugins/com.st.stm32cube.ide.mcu.externaltools.gnu-tools-for-stm32.13.3.rel1.win32_1.0.0.202411081344/tools/bin/../lib/gcc/arm-none-eabi/13.3.1/../../../../arm-none-eabi/lib/thumb/v7-m/nofp\librdimon_nano.a(arm_librdimon_a-syscalls.o)
                0x0800ae46                _swiclose
 .text._close   0x0800ae60       0x4c C:/ST/STM32CubeIDE_1.19.0/STM32CubeIDE/plugins/com.st.stm32cube.ide.mcu.externaltools.gnu-tools-for-stm32.13.3.rel1.win32_1.0.0.202411081344/tools/bin/../lib/gcc/arm-none-eabi/13.3.1/../../../../arm-none-eabi/lib/thumb/v7-m/nofp\librdimon_nano.a(arm_librdimon_a-syscalls.o)
                0x0800ae60                _close
 .text._swistat
                0x0800aeac       0x42 C:/ST/STM32CubeIDE_1.19.0/STM32CubeIDE/plugins/com.st.stm32cube.ide.mcu.externaltools.gnu-tools-for-stm32.13.3.rel1.win32_1.0.0.202411081344/tools/bin/../lib/gcc/arm-none-eabi/13.3.1/../../../../arm-none-eabi/lib/thumb/v7-m/nofp\librdimon_nano.a(arm_librdimon_a-syscalls.o)
                0x0800aeac                _swistat
 .text._fstat   0x0800aeee       0x1c C:/ST/STM32CubeIDE_1.19.0/STM32CubeIDE/plugins/com.st.stm32cube.ide.mcu.externaltools.gnu-tools-for-stm32.13.3.rel1.win32_1.0.0.202411081344/tools/bin/../lib/gcc/arm-none-eabi/13.3.1/../../../../arm-none-eabi/lib/thumb/v7-m/nofp\librdimon_nano.a(arm_librdimon_a-syscalls.o)
                0x0800aeee                _fstat
 .text._stat    0x0800af0a       0x3a C:/ST/STM32CubeIDE_1.19.0/STM32CubeIDE/plugins/com.st.stm32cube.ide.mcu.externaltools.gnu-tools-for-stm32.13.3.rel1.win32_1.0.0.202411081344/tools/bin/../lib/gcc/arm-none-eabi/13.3.1/../../../../arm-none-eabi/lib/thumb/v7-m/nofp\librdimon_nano.a(arm_librdimon_a-syscalls.o)
                0x0800af0a                _stat
 .text._swiopen
                0x0800af44       0xb4 C:/ST/STM32CubeIDE_1.19.0/STM32CubeIDE/plugins/com.st.stm32cube.ide.mcu.externaltools.gnu-tools-for-stm32.13.3.rel1.win32_1.0.0.202411081344/tools/bin/../lib/gcc/arm-none-eabi/13.3.1/../../../../arm-none-eabi/lib/thumb/v7-m/nofp\librdimon_nano.a(arm_librdimon_a-syscalls.o)
                0x0800af44                _swiopen
 .text._get_semihosting_exts
                0x0800aff8       0xb4 C:/ST/STM32CubeIDE_1.19.0/STM32CubeIDE/plugins/com.st.stm32cube.ide.mcu.externaltools.gnu-tools-for-stm32.13.3.rel1.win32_1.0.0.202411081344/tools/bin/../lib/gcc/arm-none-eabi/13.3.1/../../../../arm-none-eabi/lib/thumb/v7-m/nofp\librdimon_nano.a(arm_librdimon_a-syscalls.o)
                0x0800aff8                _get_semihosting_exts
 .text.initialise_semihosting_exts
                0x0800b0ac       0x34 C:/ST/STM32CubeIDE_1.19.0/STM32CubeIDE/plugins/com.st.stm32cube.ide.mcu.externaltools.gnu-tools-for-stm32.13.3.rel1.win32_1.0.0.202411081344/tools/bin/../lib/gcc/arm-none-eabi/13.3.1/../../../../arm-none-eabi/lib/thumb/v7-m/nofp\librdimon_nano.a(arm_librdimon_a-syscalls.o)
 .text._has_ext_stdout_stderr
                0x0800b0e0       0x18 C:/ST/STM32CubeIDE_1.19.0/STM32CubeIDE/plugins/com.st.stm32cube.ide.mcu.externaltools.gnu-tools-for-stm32.13.3.rel1.win32_1.0.0.202411081344/tools/bin/../lib/gcc/arm-none-eabi/13.3.1/../../../../arm-none-eabi/lib/thumb/v7-m/nofp\librdimon_nano.a(arm_librdimon_a-syscalls.o)
                0x0800b0e0                _has_ext_stdout_stderr
 .text.initialise_monitor_handles
                0x0800b0f8       0xc0 C:/ST/STM32CubeIDE_1.19.0/STM32CubeIDE/plugins/com.st.stm32cube.ide.mcu.externaltools.gnu-tools-for-stm32.13.3.rel1.win32_1.0.0.202411081344/tools/bin/../lib/gcc/arm-none-eabi/13.3.1/../../../../arm-none-eabi/lib/thumb/v7-m/nofp\librdimon_nano.a(arm_librdimon_a-syscalls.o)
                0x0800b0f8                initialise_monitor_handles
 .text._isatty  0x0800b1b8       0x3a C:/ST/STM32CubeIDE_1.19.0/STM32CubeIDE/plugins/com.st.stm32cube.ide.mcu.externaltools.gnu-tools-for-stm32.13.3.rel1.win32_1.0.0.202411081344/tools/bin/../lib/gcc/arm-none-eabi/13.3.1/../../../../arm-none-eabi/lib/thumb/v7-m/nofp\librdimon_nano.a(arm_librdimon_a-syscalls.o)
                0x0800b1b8                _isatty
 *fill*         0x0800b1f2        0x2 
 .text.__sflush_r
                0x0800b1f4      0x100 C:/ST/STM32CubeIDE_1.19.0/STM32CubeIDE/plugins/com.st.stm32cube.ide.mcu.externaltools.gnu-tools-for-stm32.13.3.rel1.win32_1.0.0.202411081344/tools/bin/../lib/gcc/arm-none-eabi/13.3.1/../../../../arm-none-eabi/lib/thumb/v7-m/nofp\libc_nano.a(libc_a-fflush.o)
                0x0800b1f4                __sflush_r
 .text._fflush_r
                0x0800b2f4       0x50 C:/ST/STM32CubeIDE_1.19.0/STM32CubeIDE/plugins/com.st.stm32cube.ide.mcu.externaltools.gnu-tools-for-stm32.13.3.rel1.win32_1.0.0.202411081344/tools/bin/../lib/gcc/arm-none-eabi/13.3.1/../../../../arm-none-eabi/lib/thumb/v7-m/nofp\libc_nano.a(libc_a-fflush.o)
                0x0800b2f4                _fflush_r
 .text.fflush   0x0800b344       0x28 C:/ST/STM32CubeIDE_1.19.0/STM32CubeIDE/plugins/com.st.stm32cube.ide.mcu.externaltools.gnu-tools-for-stm32.13.3.rel1.win32_1.0.0.202411081344/tools/bin/../lib/gcc/arm-none-eabi/13.3.1/../../../../arm-none-eabi/lib/thumb/v7-m/nofp\libc_nano.a(libc_a-fflush.o)
                0x0800b344                fflush
 .text.std      0x0800b36c       0x6c C:/ST/STM32CubeIDE_1.19.0/STM32CubeIDE/plugins/com.st.stm32cube.ide.mcu.externaltools.gnu-tools-for-stm32.13.3.rel1.win32_1.0.0.202411081344/tools/bin/../lib/gcc/arm-none-eabi/13.3.1/../../../../arm-none-eabi/lib/thumb/v7-m/nofp\libc_nano.a(libc_a-findfp.o)
 .text.stdio_exit_handler
                0x0800b3d8       0x18 C:/ST/STM32CubeIDE_1.19.0/STM32CubeIDE/plugins/com.st.stm32cube.ide.mcu.externaltools.gnu-tools-for-stm32.13.3.rel1.win32_1.0.0.202411081344/tools/bin/../lib/gcc/arm-none-eabi/13.3.1/../../../../arm-none-eabi/lib/thumb/v7-m/nofp\libc_nano.a(libc_a-findfp.o)
 .text.cleanup_stdio
                0x0800b3f0       0x40 C:/ST/STM32CubeIDE_1.19.0/STM32CubeIDE/plugins/com.st.stm32cube.ide.mcu.externaltools.gnu-tools-for-stm32.13.3.rel1.win32_1.0.0.202411081344/tools/bin/../lib/gcc/arm-none-eabi/13.3.1/../../../../arm-none-eabi/lib/thumb/v7-m/nofp\libc_nano.a(libc_a-findfp.o)
 .text.global_stdio_init.part.0
                0x0800b430       0x3c C:/ST/STM32CubeIDE_1.19.0/STM32CubeIDE/plugins/com.st.stm32cube.ide.mcu.externaltools.gnu-tools-for-stm32.13.3.rel1.win32_1.0.0.202411081344/tools/bin/../lib/gcc/arm-none-eabi/13.3.1/../../../../arm-none-eabi/lib/thumb/v7-m/nofp\libc_nano.a(libc_a-findfp.o)
 .text.__sfp_lock_acquire
                0x0800b46c        0xc C:/ST/STM32CubeIDE_1.19.0/STM32CubeIDE/plugins/com.st.stm32cube.ide.mcu.externaltools.gnu-tools-for-stm32.13.3.rel1.win32_1.0.0.202411081344/tools/bin/../lib/gcc/arm-none-eabi/13.3.1/../../../../arm-none-eabi/lib/thumb/v7-m/nofp\libc_nano.a(libc_a-findfp.o)
                0x0800b46c                __sfp_lock_acquire
 .text.__sfp_lock_release
                0x0800b478        0xc C:/ST/STM32CubeIDE_1.19.0/STM32CubeIDE/plugins/com.st.stm32cube.ide.mcu.externaltools.gnu-tools-for-stm32.13.3.rel1.win32_1.0.0.202411081344/tools/bin/../lib/gcc/arm-none-eabi/13.3.1/../../../../arm-none-eabi/lib/thumb/v7-m/nofp\libc_nano.a(libc_a-findfp.o)
                0x0800b478                __sfp_lock_release
 .text.__sinit  0x0800b484       0x30 C:/ST/STM32CubeIDE_1.19.0/STM32CubeIDE/plugins/com.st.stm32cube.ide.mcu.externaltools.gnu-tools-for-stm32.13.3.rel1.win32_1.0.0.202411081344/tools/bin/../lib/gcc/arm-none-eabi/13.3.1/../../../../arm-none-eabi/lib/thumb/v7-m/nofp\libc_nano.a(libc_a-findfp.o)
                0x0800b484                __sinit
 .text._fwalk_sglue
                0x0800b4b4       0x3c C:/ST/STM32CubeIDE_1.19.0/STM32CubeIDE/plugins/com.st.stm32cube.ide.mcu.externaltools.gnu-tools-for-stm32.13.3.rel1.win32_1.0.0.202411081344/tools/bin/../lib/gcc/arm-none-eabi/13.3.1/../../../../arm-none-eabi/lib/thumb/v7-m/nofp\libc_nano.a(libc_a-fwalk.o)
                0x0800b4b4                _fwalk_sglue
 .text.printf   0x0800b4f0       0x24 C:/ST/STM32CubeIDE_1.19.0/STM32CubeIDE/plugins/com.st.stm32cube.ide.mcu.externaltools.gnu-tools-for-stm32.13.3.rel1.win32_1.0.0.202411081344/tools/bin/../lib/gcc/arm-none-eabi/13.3.1/../../../../arm-none-eabi/lib/thumb/v7-m/nofp\libc_nano.a(libc_a-printf.o)
                0x0800b4f0                iprintf
                0x0800b4f0                printf
 .text._puts_r  0x0800b514       0xaa C:/ST/STM32CubeIDE_1.19.0/STM32CubeIDE/plugins/com.st.stm32cube.ide.mcu.externaltools.gnu-tools-for-stm32.13.3.rel1.win32_1.0.0.202411081344/tools/bin/../lib/gcc/arm-none-eabi/13.3.1/../../../../arm-none-eabi/lib/thumb/v7-m/nofp\libc_nano.a(libc_a-puts.o)
                0x0800b514                _puts_r
 *fill*         0x0800b5be        0x2 
 .text.puts     0x0800b5c0       0x10 C:/ST/STM32CubeIDE_1.19.0/STM32CubeIDE/plugins/com.st.stm32cube.ide.mcu.externaltools.gnu-tools-for-stm32.13.3.rel1.win32_1.0.0.202411081344/tools/bin/../lib/gcc/arm-none-eabi/13.3.1/../../../../arm-none-eabi/lib/thumb/v7-m/nofp\libc_nano.a(libc_a-puts.o)
                0x0800b5c0                puts
 .text.snprintf
                0x0800b5d0       0x6c C:/ST/STM32CubeIDE_1.19.0/STM32CubeIDE/plugins/com.st.stm32cube.ide.mcu.externaltools.gnu-tools-for-stm32.13.3.rel1.win32_1.0.0.202411081344/tools/bin/../lib/gcc/arm-none-eabi/13.3.1/../../../../arm-none-eabi/lib/thumb/v7-m/nofp\libc_nano.a(libc_a-snprintf.o)
                0x0800b5d0                sniprintf
                0x0800b5d0                snprintf
 .text.__sread  0x0800b63c       0x22 C:/ST/STM32CubeIDE_1.19.0/STM32CubeIDE/plugins/com.st.stm32cube.ide.mcu.externaltools.gnu-tools-for-stm32.13.3.rel1.win32_1.0.0.202411081344/tools/bin/../lib/gcc/arm-none-eabi/13.3.1/../../../../arm-none-eabi/lib/thumb/v7-m/nofp\libc_nano.a(libc_a-stdio.o)
                0x0800b63c                __sread
 .text.__swrite
                0x0800b65e       0x38 C:/ST/STM32CubeIDE_1.19.0/STM32CubeIDE/plugins/com.st.stm32cube.ide.mcu.externaltools.gnu-tools-for-stm32.13.3.rel1.win32_1.0.0.202411081344/tools/bin/../lib/gcc/arm-none-eabi/13.3.1/../../../../arm-none-eabi/lib/thumb/v7-m/nofp\libc_nano.a(libc_a-stdio.o)
                0x0800b65e                __swrite
 .text.__sseek  0x0800b696       0x24 C:/ST/STM32CubeIDE_1.19.0/STM32CubeIDE/plugins/com.st.stm32cube.ide.mcu.externaltools.gnu-tools-for-stm32.13.3.rel1.win32_1.0.0.202411081344/tools/bin/../lib/gcc/arm-none-eabi/13.3.1/../../../../arm-none-eabi/lib/thumb/v7-m/nofp\libc_nano.a(libc_a-stdio.o)
                0x0800b696                __sseek
 .text.__sclose
                0x0800b6ba        0x8 C:/ST/STM32CubeIDE_1.19.0/STM32CubeIDE/plugins/com.st.stm32cube.ide.mcu.externaltools.gnu-tools-for-stm32.13.3.rel1.win32_1.0.0.202411081344/tools/bin/../lib/gcc/arm-none-eabi/13.3.1/../../../../arm-none-eabi/lib/thumb/v7-m/nofp\libc_nano.a(libc_a-stdio.o)
                0x0800b6ba                __sclose
 .text.__swbuf_r
                0x0800b6c2       0x7c C:/ST/STM32CubeIDE_1.19.0/STM32CubeIDE/plugins/com.st.stm32cube.ide.mcu.externaltools.gnu-tools-for-stm32.13.3.rel1.win32_1.0.0.202411081344/tools/bin/../lib/gcc/arm-none-eabi/13.3.1/../../../../arm-none-eabi/lib/thumb/v7-m/nofp\libc_nano.a(libc_a-wbuf.o)
                0x0800b6c2                __swbuf_r
 *fill*         0x0800b73e        0x2 
 .text.__swsetup_r
                0x0800b740       0xac C:/ST/STM32CubeIDE_1.19.0/STM32CubeIDE/plugins/com.st.stm32cube.ide.mcu.externaltools.gnu-tools-for-stm32.13.3.rel1.win32_1.0.0.202411081344/tools/bin/../lib/gcc/arm-none-eabi/13.3.1/../../../../arm-none-eabi/lib/thumb/v7-m/nofp\libc_nano.a(libc_a-wsetup.o)
                0x0800b740                __swsetup_r
 .text.memset   0x0800b7ec       0x10 C:/ST/STM32CubeIDE_1.19.0/STM32CubeIDE/plugins/com.st.stm32cube.ide.mcu.externaltools.gnu-tools-for-stm32.13.3.rel1.win32_1.0.0.202411081344/tools/bin/../lib/gcc/arm-none-eabi/13.3.1/../../../../arm-none-eabi/lib/thumb/v7-m/nofp\libc_nano.a(libc_a-memset.o)
                0x0800b7ec                memset
 .text.strncmp  0x0800b7fc       0x24 C:/ST/STM32CubeIDE_1.19.0/STM32CubeIDE/plugins/com.st.stm32cube.ide.mcu.externaltools.gnu-tools-for-stm32.13.3.rel1.win32_1.0.0.202411081344/tools/bin/../lib/gcc/arm-none-eabi/13.3.1/../../../../arm-none-eabi/lib/thumb/v7-m/nofp\libc_nano.a(libc_a-strncmp.o)
                0x0800b7fc                strncmp
 .text.strncpy  0x0800b820       0x26 C:/ST/STM32CubeIDE_1.19.0/STM32CubeIDE/plugins/com.st.stm32cube.ide.mcu.externaltools.gnu-tools-for-stm32.13.3.rel1.win32_1.0.0.202411081344/tools/bin/../lib/gcc/arm-none-eabi/13.3.1/../../../../arm-none-eabi/lib/thumb/v7-m/nofp\libc_nano.a(libc_a-strncpy.o)
                0x0800b820                strncpy
 *fill*         0x0800b846        0x2 
 .text._close_r
                0x0800b848       0x20 C:/ST/STM32CubeIDE_1.19.0/STM32CubeIDE/plugins/com.st.stm32cube.ide.mcu.externaltools.gnu-tools-for-stm32.13.3.rel1.win32_1.0.0.202411081344/tools/bin/../lib/gcc/arm-none-eabi/13.3.1/../../../../arm-none-eabi/lib/thumb/v7-m/nofp\libc_nano.a(libc_a-closer.o)
                0x0800b848                _close_r
 .text._lseek_r
                0x0800b868       0x24 C:/ST/STM32CubeIDE_1.19.0/STM32CubeIDE/plugins/com.st.stm32cube.ide.mcu.externaltools.gnu-tools-for-stm32.13.3.rel1.win32_1.0.0.202411081344/tools/bin/../lib/gcc/arm-none-eabi/13.3.1/../../../../arm-none-eabi/lib/thumb/v7-m/nofp\libc_nano.a(libc_a-lseekr.o)
                0x0800b868                _lseek_r
 .text._read_r  0x0800b88c       0x24 C:/ST/STM32CubeIDE_1.19.0/STM32CubeIDE/plugins/com.st.stm32cube.ide.mcu.externaltools.gnu-tools-for-stm32.13.3.rel1.win32_1.0.0.202411081344/tools/bin/../lib/gcc/arm-none-eabi/13.3.1/../../../../arm-none-eabi/lib/thumb/v7-m/nofp\libc_nano.a(libc_a-readr.o)
                0x0800b88c                _read_r
 .text._write_r
                0x0800b8b0       0x24 C:/ST/STM32CubeIDE_1.19.0/STM32CubeIDE/plugins/com.st.stm32cube.ide.mcu.externaltools.gnu-tools-for-stm32.13.3.rel1.win32_1.0.0.202411081344/tools/bin/../lib/gcc/arm-none-eabi/13.3.1/../../../../arm-none-eabi/lib/thumb/v7-m/nofp\libc_nano.a(libc_a-writer.o)
                0x0800b8b0                _write_r
 .text.__errno  0x0800b8d4        0xc C:/ST/STM32CubeIDE_1.19.0/STM32CubeIDE/plugins/com.st.stm32cube.ide.mcu.externaltools.gnu-tools-for-stm32.13.3.rel1.win32_1.0.0.202411081344/tools/bin/../lib/gcc/arm-none-eabi/13.3.1/../../../../arm-none-eabi/lib/thumb/v7-m/nofp\libc_nano.a(libc_a-errno.o)
                0x0800b8d4                __errno
 .text.__libc_init_array
                0x0800b8e0       0x48 C:/ST/STM32CubeIDE_1.19.0/STM32CubeIDE/plugins/com.st.stm32cube.ide.mcu.externaltools.gnu-tools-for-stm32.13.3.rel1.win32_1.0.0.202411081344/tools/bin/../lib/gcc/arm-none-eabi/13.3.1/../../../../arm-none-eabi/lib/thumb/v7-m/nofp\libc_nano.a(libc_a-init.o)
                0x0800b8e0                __libc_init_array
 .text.__retarget_lock_init_recursive
                0x0800b928        0x2 C:/ST/STM32CubeIDE_1.19.0/STM32CubeIDE/plugins/com.st.stm32cube.ide.mcu.externaltools.gnu-tools-for-stm32.13.3.rel1.win32_1.0.0.202411081344/tools/bin/../lib/gcc/arm-none-eabi/13.3.1/../../../../arm-none-eabi/lib/thumb/v7-m/nofp\libc_nano.a(libc_a-lock.o)
                0x0800b928                __retarget_lock_init_recursive
 .text.__retarget_lock_acquire_recursive
                0x0800b92a        0x2 C:/ST/STM32CubeIDE_1.19.0/STM32CubeIDE/plugins/com.st.stm32cube.ide.mcu.externaltools.gnu-tools-for-stm32.13.3.rel1.win32_1.0.0.202411081344/tools/bin/../lib/gcc/arm-none-eabi/13.3.1/../../../../arm-none-eabi/lib/thumb/v7-m/nofp\libc_nano.a(libc_a-lock.o)
                0x0800b92a                __retarget_lock_acquire_recursive
 .text.__retarget_lock_release_recursive
                0x0800b92c        0x2 C:/ST/STM32CubeIDE_1.19.0/STM32CubeIDE/plugins/com.st.stm32cube.ide.mcu.externaltools.gnu-tools-for-stm32.13.3.rel1.win32_1.0.0.202411081344/tools/bin/../lib/gcc/arm-none-eabi/13.3.1/../../../../arm-none-eabi/lib/thumb/v7-m/nofp\libc_nano.a(libc_a-lock.o)
                0x0800b92c                __retarget_lock_release_recursive
 *fill*         0x0800b92e        0x2 
 .text._free_r  0x0800b930       0x90 C:/ST/STM32CubeIDE_1.19.0/STM32CubeIDE/plugins/com.st.stm32cube.ide.mcu.externaltools.gnu-tools-for-stm32.13.3.rel1.win32_1.0.0.202411081344/tools/bin/../lib/gcc/arm-none-eabi/13.3.1/../../../../arm-none-eabi/lib/thumb/v7-m/nofp\libc_nano.a(libc_a-freer.o)
                0x0800b930                _free_r
 .text.sbrk_aligned
                0x0800b9c0       0x44 C:/ST/STM32CubeIDE_1.19.0/STM32CubeIDE/plugins/com.st.stm32cube.ide.mcu.externaltools.gnu-tools-for-stm32.13.3.rel1.win32_1.0.0.202411081344/tools/bin/../lib/gcc/arm-none-eabi/13.3.1/../../../../arm-none-eabi/lib/thumb/v7-m/nofp\libc_nano.a(libc_a-mallocr.o)
 .text._malloc_r
                0x0800ba04      0x100 C:/ST/STM32CubeIDE_1.19.0/STM32CubeIDE/plugins/com.st.stm32cube.ide.mcu.externaltools.gnu-tools-for-stm32.13.3.rel1.win32_1.0.0.202411081344/tools/bin/../lib/gcc/arm-none-eabi/13.3.1/../../../../arm-none-eabi/lib/thumb/v7-m/nofp\libc_nano.a(libc_a-mallocr.o)
                0x0800ba04                _malloc_r
 .text.__malloc_lock
                0x0800bb04        0xc C:/ST/STM32CubeIDE_1.19.0/STM32CubeIDE/plugins/com.st.stm32cube.ide.mcu.externaltools.gnu-tools-for-stm32.13.3.rel1.win32_1.0.0.202411081344/tools/bin/../lib/gcc/arm-none-eabi/13.3.1/../../../../arm-none-eabi/lib/thumb/v7-m/nofp\libc_nano.a(libc_a-mlock.o)
                0x0800bb04                __malloc_lock
 .text.__malloc_unlock
                0x0800bb10        0xc C:/ST/STM32CubeIDE_1.19.0/STM32CubeIDE/plugins/com.st.stm32cube.ide.mcu.externaltools.gnu-tools-for-stm32.13.3.rel1.win32_1.0.0.202411081344/tools/bin/../lib/gcc/arm-none-eabi/13.3.1/../../../../arm-none-eabi/lib/thumb/v7-m/nofp\libc_nano.a(libc_a-mlock.o)
                0x0800bb10                __malloc_unlock
 .text.__ssputs_r
                0x0800bb1c       0xb6 C:/ST/STM32CubeIDE_1.19.0/STM32CubeIDE/plugins/com.st.stm32cube.ide.mcu.externaltools.gnu-tools-for-stm32.13.3.rel1.win32_1.0.0.202411081344/tools/bin/../lib/gcc/arm-none-eabi/13.3.1/../../../../arm-none-eabi/lib/thumb/v7-m/nofp\libc_nano.a(libc_a-nano-svfprintf.o)
                0x0800bb1c                __ssputs_r
 *fill*         0x0800bbd2        0x2 
 .text._svfprintf_r
                0x0800bbd4      0x1f8 C:/ST/STM32CubeIDE_1.19.0/STM32CubeIDE/plugins/com.st.stm32cube.ide.mcu.externaltools.gnu-tools-for-stm32.13.3.rel1.win32_1.0.0.202411081344/tools/bin/../lib/gcc/arm-none-eabi/13.3.1/../../../../arm-none-eabi/lib/thumb/v7-m/nofp\libc_nano.a(libc_a-nano-svfprintf.o)
                0x0800bbd4                _svfiprintf_r
                0x0800bbd4                _svfprintf_r
 .text.__sfputc_r
                0x0800bdcc       0x2a C:/ST/STM32CubeIDE_1.19.0/STM32CubeIDE/plugins/com.st.stm32cube.ide.mcu.externaltools.gnu-tools-for-stm32.13.3.rel1.win32_1.0.0.202411081344/tools/bin/../lib/gcc/arm-none-eabi/13.3.1/../../../../arm-none-eabi/lib/thumb/v7-m/nofp\libc_nano.a(libc_a-nano-vfprintf.o)
 .text.__sfputs_r
                0x0800bdf6       0x24 C:/ST/STM32CubeIDE_1.19.0/STM32CubeIDE/plugins/com.st.stm32cube.ide.mcu.externaltools.gnu-tools-for-stm32.13.3.rel1.win32_1.0.0.202411081344/tools/bin/../lib/gcc/arm-none-eabi/13.3.1/../../../../arm-none-eabi/lib/thumb/v7-m/nofp\libc_nano.a(libc_a-nano-vfprintf.o)
                0x0800bdf6                __sfputs_r
 *fill*         0x0800be1a        0x2 
 .text._vfprintf_r
                0x0800be1c      0x230 C:/ST/STM32CubeIDE_1.19.0/STM32CubeIDE/plugins/com.st.stm32cube.ide.mcu.externaltools.gnu-tools-for-stm32.13.3.rel1.win32_1.0.0.202411081344/tools/bin/../lib/gcc/arm-none-eabi/13.3.1/../../../../arm-none-eabi/lib/thumb/v7-m/nofp\libc_nano.a(libc_a-nano-vfprintf.o)
                0x0800be1c                _vfprintf_r
                0x0800be1c                _vfiprintf_r
 .text._printf_common
                0x0800c04c       0xe4 C:/ST/STM32CubeIDE_1.19.0/STM32CubeIDE/plugins/com.st.stm32cube.ide.mcu.externaltools.gnu-tools-for-stm32.13.3.rel1.win32_1.0.0.202411081344/tools/bin/../lib/gcc/arm-none-eabi/13.3.1/../../../../arm-none-eabi/lib/thumb/v7-m/nofp\libc_nano.a(libc_a-nano-vfprintf_i.o)
                0x0800c04c                _printf_common
 .text._printf_i
                0x0800c130      0x23c C:/ST/STM32CubeIDE_1.19.0/STM32CubeIDE/plugins/com.st.stm32cube.ide.mcu.externaltools.gnu-tools-for-stm32.13.3.rel1.win32_1.0.0.202411081344/tools/bin/../lib/gcc/arm-none-eabi/13.3.1/../../../../arm-none-eabi/lib/thumb/v7-m/nofp\libc_nano.a(libc_a-nano-vfprintf_i.o)
                0x0800c130                _printf_i
 .text.__swhatbuf_r
                0x0800c36c       0x4a C:/ST/STM32CubeIDE_1.19.0/STM32CubeIDE/plugins/com.st.stm32cube.ide.mcu.externaltools.gnu-tools-for-stm32.13.3.rel1.win32_1.0.0.202411081344/tools/bin/../lib/gcc/arm-none-eabi/13.3.1/../../../../arm-none-eabi/lib/thumb/v7-m/nofp\libc_nano.a(libc_a-makebuf.o)
                0x0800c36c                __swhatbuf_r
 .text.__smakebuf_r
                0x0800c3b6       0x78 C:/ST/STM32CubeIDE_1.19.0/STM32CubeIDE/plugins/com.st.stm32cube.ide.mcu.externaltools.gnu-tools-for-stm32.13.3.rel1.win32_1.0.0.202411081344/tools/bin/../lib/gcc/arm-none-eabi/13.3.1/../../../../arm-none-eabi/lib/thumb/v7-m/nofp\libc_nano.a(libc_a-makebuf.o)
                0x0800c3b6                __smakebuf_r
 .text.memmove  0x0800c42e       0x34 C:/ST/STM32CubeIDE_1.19.0/STM32CubeIDE/plugins/com.st.stm32cube.ide.mcu.externaltools.gnu-tools-for-stm32.13.3.rel1.win32_1.0.0.202411081344/tools/bin/../lib/gcc/arm-none-eabi/13.3.1/../../../../arm-none-eabi/lib/thumb/v7-m/nofp\libc_nano.a(libc_a-memmove.o)
                0x0800c42e                memmove
 *fill*         0x0800c462        0x2 
 .text._fstat_r
                0x0800c464       0x24 C:/ST/STM32CubeIDE_1.19.0/STM32CubeIDE/plugins/com.st.stm32cube.ide.mcu.externaltools.gnu-tools-for-stm32.13.3.rel1.win32_1.0.0.202411081344/tools/bin/../lib/gcc/arm-none-eabi/13.3.1/../../../../arm-none-eabi/lib/thumb/v7-m/nofp\libc_nano.a(libc_a-fstatr.o)
                0x0800c464                _fstat_r
 .text._isatty_r
                0x0800c488       0x20 C:/ST/STM32CubeIDE_1.19.0/STM32CubeIDE/plugins/com.st.stm32cube.ide.mcu.externaltools.gnu-tools-for-stm32.13.3.rel1.win32_1.0.0.202411081344/tools/bin/../lib/gcc/arm-none-eabi/13.3.1/../../../../arm-none-eabi/lib/thumb/v7-m/nofp\libc_nano.a(libc_a-isattyr.o)
                0x0800c488                _isatty_r
 .text._sbrk_r  0x0800c4a8       0x20 C:/ST/STM32CubeIDE_1.19.0/STM32CubeIDE/plugins/com.st.stm32cube.ide.mcu.externaltools.gnu-tools-for-stm32.13.3.rel1.win32_1.0.0.202411081344/tools/bin/../lib/gcc/arm-none-eabi/13.3.1/../../../../arm-none-eabi/lib/thumb/v7-m/nofp\libc_nano.a(libc_a-sbrkr.o)
                0x0800c4a8                _sbrk_r
 .text.memchr   0x0800c4c8       0x1c C:/ST/STM32CubeIDE_1.19.0/STM32CubeIDE/plugins/com.st.stm32cube.ide.mcu.externaltools.gnu-tools-for-stm32.13.3.rel1.win32_1.0.0.202411081344/tools/bin/../lib/gcc/arm-none-eabi/13.3.1/../../../../arm-none-eabi/lib/thumb/v7-m/nofp\libc_nano.a(libc_a-memchr-stub.o)
                0x0800c4c8                memchr
 .text.memcpy   0x0800c4e4       0x1c C:/ST/STM32CubeIDE_1.19.0/STM32CubeIDE/plugins/com.st.stm32cube.ide.mcu.externaltools.gnu-tools-for-stm32.13.3.rel1.win32_1.0.0.202411081344/tools/bin/../lib/gcc/arm-none-eabi/13.3.1/../../../../arm-none-eabi/lib/thumb/v7-m/nofp\libc_nano.a(libc_a-memcpy-stub.o)
                0x0800c4e4                memcpy
 .text._realloc_r
                0x0800c500       0x5c C:/ST/STM32CubeIDE_1.19.0/STM32CubeIDE/plugins/com.st.stm32cube.ide.mcu.externaltools.gnu-tools-for-stm32.13.3.rel1.win32_1.0.0.202411081344/tools/bin/../lib/gcc/arm-none-eabi/13.3.1/../../../../arm-none-eabi/lib/thumb/v7-m/nofp\libc_nano.a(libc_a-reallocr.o)
                0x0800c500                _realloc_r
 .text._malloc_usable_size_r
                0x0800c55c       0x10 C:/ST/STM32CubeIDE_1.19.0/STM32CubeIDE/plugins/com.st.stm32cube.ide.mcu.externaltools.gnu-tools-for-stm32.13.3.rel1.win32_1.0.0.202411081344/tools/bin/../lib/gcc/arm-none-eabi/13.3.1/../../../../arm-none-eabi/lib/thumb/v7-m/nofp\libc_nano.a(libc_a-msizer.o)
                0x0800c55c                _malloc_usable_size_r
 *(.glue_7)
 .glue_7        0x0800c56c        0x0 linker stubs
 *(.glue_7t)
 .glue_7t       0x0800c56c        0x0 linker stubs
 *(.eh_frame)
 .eh_frame      0x0800c56c        0x0 C:/ST/STM32CubeIDE_1.19.0/STM32CubeIDE/plugins/com.st.stm32cube.ide.mcu.externaltools.gnu-tools-for-stm32.13.3.rel1.win32_1.0.0.202411081344/tools/bin/../lib/gcc/arm-none-eabi/13.3.1/thumb/v7-m/nofp/crtbegin.o
 *(.init)
 .init          0x0800c56c        0x4 C:/ST/STM32CubeIDE_1.19.0/STM32CubeIDE/plugins/com.st.stm32cube.ide.mcu.externaltools.gnu-tools-for-stm32.13.3.rel1.win32_1.0.0.202411081344/tools/bin/../lib/gcc/arm-none-eabi/13.3.1/thumb/v7-m/nofp/crti.o
                0x0800c56c                _init
 .init          0x0800c570        0x8 C:/ST/STM32CubeIDE_1.19.0/STM32CubeIDE/plugins/com.st.stm32cube.ide.mcu.externaltools.gnu-tools-for-stm32.13.3.rel1.win32_1.0.0.202411081344/tools/bin/../lib/gcc/arm-none-eabi/13.3.1/thumb/v7-m/nofp/crtn.o
 *(.fini)
 .fini          0x0800c578        0x4 C:/ST/STM32CubeIDE_1.19.0/STM32CubeIDE/plugins/com.st.stm32cube.ide.mcu.externaltools.gnu-tools-for-stm32.13.3.rel1.win32_1.0.0.202411081344/tools/bin/../lib/gcc/arm-none-eabi/13.3.1/thumb/v7-m/nofp/crti.o
                0x0800c578                _fini
 .fini          0x0800c57c        0x8 C:/ST/STM32CubeIDE_1.19.0/STM32CubeIDE/plugins/com.st.stm32cube.ide.mcu.externaltools.gnu-tools-for-stm32.13.3.rel1.win32_1.0.0.202411081344/tools/bin/../lib/gcc/arm-none-eabi/13.3.1/thumb/v7-m/nofp/crtn.o
                0x0800c584                        . = ALIGN (0x4)
                0x0800c584                        _etext = .

.vfp11_veneer   0x0800c584        0x0
 .vfp11_veneer  0x0800c584        0x0 linker stubs

.v4_bx          0x0800c584        0x0
 .v4_bx         0x0800c584        0x0 linker stubs

.iplt           0x0800c584        0x0
 .iplt          0x0800c584        0x0 C:/ST/STM32CubeIDE_1.19.0/STM32CubeIDE/plugins/com.st.stm32cube.ide.mcu.externaltools.gnu-tools-for-stm32.13.3.rel1.win32_1.0.0.202411081344/tools/bin/../lib/gcc/arm-none-eabi/13.3.1/thumb/v7-m/nofp/crtbegin.o

.rodata         0x0800c584      0x9ec
                0x0800c584                        . = ALIGN (0x4)
 *(.rodata)
 .rodata        0x0800c584       0x9e ./app/src/app.o
 *fill*         0x0800c622        0x2 
 .rodata        0x0800c624       0xb8 ./app/src/task_actuator.o
 .rodata        0x0800c6dc       0xa4 ./app/src/task_adc.o
 .rodata        0x0800c780       0xe0 ./app/src/task_botones.o
 .rodata        0x0800c860      0x3f7 ./app/src/task_cafe_fsm.o
 *fill*         0x0800cc57        0x1 
 .rodata        0x0800cc58       0xac ./app/src/task_lcd.o
 .rodata        0x0800cd04       0xbc ./app/src/task_sensor.o
 .rodata        0x0800cdc0       0xcc ./app/src/task_system.o
 *(.rodata*)
 .rodata.AHBPrescTable
                0x0800ce8c       0x10 ./Core/Src/system_stm32f1xx.o
                0x0800ce8c                AHBPrescTable
 .rodata.APBPrescTable
                0x0800ce9c        0x8 ./Core/Src/system_stm32f1xx.o
                0x0800ce9c                APBPrescTable
 .rodata.aPLLMULFactorTable.1
                0x0800cea4       0x10 ./Drivers/STM32F1xx_HAL_Driver/Src/stm32f1xx_hal_rcc.o
 .rodata.aPredivFactorTable.0
                0x0800ceb4        0x2 ./Drivers/STM32F1xx_HAL_Driver/Src/stm32f1xx_hal_rcc.o
 *fill*         0x0800ceb6        0x2 
 .rodata.task_cfg_list
                0x0800ceb8       0x54 ./app/src/app.o
                0x0800ceb8                task_cfg_list
 .rodata.logger_msg
                0x0800cf0c        0x4 ./app/src/logger.o
                0x0800cf0c                logger_msg
 .rodata.recetas
                0x0800cf10       0x10 ./app/src/task_stock.o
                0x0800cf10                recetas
 .rodata._get_semihosting_exts.str1.1
                0x0800cf20       0x4d C:/ST/STM32CubeIDE_1.19.0/STM32CubeIDE/plugins/com.st.stm32cube.ide.mcu.externaltools.gnu-tools-for-stm32.13.3.rel1.win32_1.0.0.202411081344/tools/bin/../lib/gcc/arm-none-eabi/13.3.1/../../../../arm-none-eabi/lib/thumb/v7-m/nofp\librdimon_nano.a(arm_librdimon_a-syscalls.o)
                                 0x16 (size before relaxing)
 .rodata.initialise_monitor_handles.str1.1
                0x0800cf6d        0x4 C:/ST/STM32CubeIDE_1.19.0/STM32CubeIDE/plugins/com.st.stm32cube.ide.mcu.externaltools.gnu-tools-for-stm32.13.3.rel1.win32_1.0.0.202411081344/tools/bin/../lib/gcc/arm-none-eabi/13.3.1/../../../../arm-none-eabi/lib/thumb/v7-m/nofp\librdimon_nano.a(arm_librdimon_a-syscalls.o)
 .rodata._svfprintf_r.str1.1
                0x0800cf6d       0x11 C:/ST/STM32CubeIDE_1.19.0/STM32CubeIDE/plugins/com.st.stm32cube.ide.mcu.externaltools.gnu-tools-for-stm32.13.3.rel1.win32_1.0.0.202411081344/tools/bin/../lib/gcc/arm-none-eabi/13.3.1/../../../../arm-none-eabi/lib/thumb/v7-m/nofp\libc_nano.a(libc_a-nano-svfprintf.o)
 .rodata._vfprintf_r.str1.1
                0x0800cf6d       0x11 C:/ST/STM32CubeIDE_1.19.0/STM32CubeIDE/plugins/com.st.stm32cube.ide.mcu.externaltools.gnu-tools-for-stm32.13.3.rel1.win32_1.0.0.202411081344/tools/bin/../lib/gcc/arm-none-eabi/13.3.1/../../../../arm-none-eabi/lib/thumb/v7-m/nofp\libc_nano.a(libc_a-nano-vfprintf.o)
 .rodata._printf_i.str1.1
                0x0800cf6d       0x22 C:/ST/STM32CubeIDE_1.19.0/STM32CubeIDE/plugins/com.st.stm32cube.ide.mcu.externaltools.gnu-tools-for-stm32.13.3.rel1.win32_1.0.0.202411081344/tools/bin/../lib/gcc/arm-none-eabi/13.3.1/../../../../arm-none-eabi/lib/thumb/v7-m/nofp\libc_nano.a(libc_a-nano-vfprintf_i.o)
                0x0800cf90                        . = ALIGN (0x4)
 *fill*         0x0800cf6d        0x3 

.ARM.extab      0x0800cf70        0x0
                0x0800cf70                        . = ALIGN (0x4)
 *(.ARM.extab* .gnu.linkonce.armextab.*)
                0x0800cf70                        . = ALIGN (0x4)

.ARM            0x0800cf70        0x8
                0x0800cf70                        . = ALIGN (0x4)
                0x0800cf70                        __exidx_start = .
 *(.ARM.exidx*)
 .ARM.exidx     0x0800cf70        0x8 C:/ST/STM32CubeIDE_1.19.0/STM32CubeIDE/plugins/com.st.stm32cube.ide.mcu.externaltools.gnu-tools-for-stm32.13.3.rel1.win32_1.0.0.202411081344/tools/bin/../lib/gcc/arm-none-eabi/13.3.1/../../../../arm-none-eabi/lib/thumb/v7-m/nofp\libc_nano.a(libc_a-strlen.o)
                0x0800cf78                        __exidx_end = .
                0x0800cf78                        . = ALIGN (0x4)

.preinit_array  0x0800cf78        0x0
                0x0800cf78                        . = ALIGN (0x4)
                0x0800cf78                        PROVIDE (__preinit_array_start = .)
 *(.preinit_array*)
                0x0800cf78                        PROVIDE (__preinit_array_end = .)
                0x0800cf78                        . = ALIGN (0x4)

.init_array     0x0800cf78        0x4
                0x0800cf78                        . = ALIGN (0x4)
                0x0800cf78                        PROVIDE (__init_array_start = .)
 *(SORT_BY_NAME(.init_array.*))
 *(.init_array*)
 .init_array    0x0800cf78        0x4 C:/ST/STM32CubeIDE_1.19.0/STM32CubeIDE/plugins/com.st.stm32cube.ide.mcu.externaltools.gnu-tools-for-stm32.13.3.rel1.win32_1.0.0.202411081344/tools/bin/../lib/gcc/arm-none-eabi/13.3.1/thumb/v7-m/nofp/crtbegin.o
                0x0800cf7c                        PROVIDE (__init_array_end = .)
                0x0800cf7c                        . = ALIGN (0x4)

.fini_array     0x0800cf7c        0x4
                0x0800cf7c                        . = ALIGN (0x4)
                [!provide]                        PROVIDE (__fini_array_start = .)
 *(SORT_BY_NAME(.fini_array.*))
 *(.fini_array*)
 .fini_array    0x0800cf7c        0x4 C:/ST/STM32CubeIDE_1.19.0/STM32CubeIDE/plugins/com.st.stm32cube.ide.mcu.externaltools.gnu-tools-for-stm32.13.3.rel1.win32_1.0.0.202411081344/tools/bin/../lib/gcc/arm-none-eabi/13.3.1/thumb/v7-m/nofp/crtbegin.o
                [!provide]                        PROVIDE (__fini_array_end = .)
                0x0800cf80                        . = ALIGN (0x4)
                0x0800cf80                        _sidata = LOADADDR (.data)

.rel.dyn        0x0800cf80        0x0
 .rel.iplt      0x0800cf80        0x0 C:/ST/STM32CubeIDE_1.19.0/STM32CubeIDE/plugins/com.st.stm32cube.ide.mcu.externaltools.gnu-tools-for-stm32.13.3.rel1.win32_1.0.0.202411081344/tools/bin/../lib/gcc/arm-none-eabi/13.3.1/thumb/v7-m/nofp/crtbegin.o

.data           0x20000000      0x100 load address 0x0800cf80
                0x20000000                        . = ALIGN (0x4)
                0x20000000                        _sdata = .
 *(.data)
 *(.data*)
 .data.SystemCoreClock
                0x20000000        0x4 ./Core/Src/system_stm32f1xx.o
                0x20000000                SystemCoreClock
 .data.uwTickPrio
                0x20000004        0x4 ./Drivers/STM32F1xx_HAL_Driver/Src/stm32f1xx_hal.o
                0x20000004                uwTickPrio
 .data.uwTickFreq
                0x20000008        0x1 ./Drivers/STM32F1xx_HAL_Driver/Src/stm32f1xx_hal.o
                0x20000008                uwTickFreq
 *fill*         0x20000009        0x3 
 .data.p_sys    0x2000000c        0x4 ./app/src/app.o
                0x2000000c                p_sys
 .data.p_app    0x20000010        0x4 ./app/src/app.o
                0x20000010                p_app
 .data.p_task_actuator
                0x20000014        0x4 ./app/src/task_actuator.o
                0x20000014                p_task_actuator
 .data.p_task_actuator_
                0x20000018        0x4 ./app/src/task_actuator.o
                0x20000018                p_task_actuator_
 .data.temp_deseada
                0x2000001c        0x1 ./app/src/task_adc.o
                0x2000001c                temp_deseada
 *fill*         0x2000001d        0x3 
 .data.p_task_adc
                0x20000020        0x4 ./app/src/task_adc.o
                0x20000020                p_task_adc
 .data.p_task_adc_
                0x20000024        0x4 ./app/src/task_adc.o
                0x20000024                p_task_adc_
 .data.p_task_botones
                0x20000028        0x4 ./app/src/task_botones.o
                0x20000028                p_task_botones
 .data.p_task_botones_
                0x2000002c        0x4 ./app/src/task_botones.o
                0x2000002c                p_task_botones_
 .data.botones  0x20000030       0x24 ./app/src/task_botones.o
 .data.p_task_fsm
                0x20000054        0x4 ./app/src/task_cafe_fsm.o
                0x20000054                p_task_fsm
 .data.p_task_fsm_
                0x20000058        0x4 ./app/src/task_cafe_fsm.o
                0x20000058                p_task_fsm_
 .data.TOTAL_CAFES.8
                0x2000005c        0x1 ./app/src/task_cafe_fsm.o
 *fill*         0x2000005d        0x3 
 .data.nombres.6
                0x20000060       0x10 ./app/src/task_cafe_fsm.o
 .data.primera_carga.1
                0x20000070        0x1 ./app/src/task_cafe_fsm.o
 *fill*         0x20000071        0x3 
 .data.p_task_lcd
                0x20000074        0x4 ./app/src/task_lcd.o
                0x20000074                p_task_lcd
 .data.p_task_lcd_
                0x20000078        0x4 ./app/src/task_lcd.o
                0x20000078                p_task_lcd_
 .data.p_task_sensor
                0x2000007c        0x4 ./app/src/task_sensor.o
                0x2000007c                p_task_sensor
 .data.p_task_sensor_
                0x20000080        0x4 ./app/src/task_sensor.o
                0x20000080                p_task_sensor_
 .data.stock_cafe
                0x20000084        0x4 ./app/src/task_stock.o
                0x20000084                stock_cafe
 .data.stock_leche
                0x20000088        0x4 ./app/src/task_stock.o
                0x20000088                stock_leche
 .data.stock_agua
                0x2000008c        0x4 ./app/src/task_stock.o
                0x2000008c                stock_agua
 .data.stock_chocolate
                0x20000090        0x4 ./app/src/task_stock.o
                0x20000090                stock_chocolate
 .data.p_task_system
                0x20000094        0x4 ./app/src/task_system.o
                0x20000094                p_task_system
 .data.p_task_system_
                0x20000098        0x4 ./app/src/task_system.o
                0x20000098                p_task_system_
 .data.supports_ext_stdout_stderr
                0x2000009c        0x4 C:/ST/STM32CubeIDE_1.19.0/STM32CubeIDE/plugins/com.st.stm32cube.ide.mcu.externaltools.gnu-tools-for-stm32.13.3.rel1.win32_1.0.0.202411081344/tools/bin/../lib/gcc/arm-none-eabi/13.3.1/../../../../arm-none-eabi/lib/thumb/v7-m/nofp\librdimon_nano.a(arm_librdimon_a-syscalls.o)
 .data.supports_ext_exit_extended
                0x200000a0        0x4 C:/ST/STM32CubeIDE_1.19.0/STM32CubeIDE/plugins/com.st.stm32cube.ide.mcu.externaltools.gnu-tools-for-stm32.13.3.rel1.win32_1.0.0.202411081344/tools/bin/../lib/gcc/arm-none-eabi/13.3.1/../../../../arm-none-eabi/lib/thumb/v7-m/nofp\librdimon_nano.a(arm_librdimon_a-syscalls.o)
 .data.__sglue  0x200000a4        0xc C:/ST/STM32CubeIDE_1.19.0/STM32CubeIDE/plugins/com.st.stm32cube.ide.mcu.externaltools.gnu-tools-for-stm32.13.3.rel1.win32_1.0.0.202411081344/tools/bin/../lib/gcc/arm-none-eabi/13.3.1/../../../../arm-none-eabi/lib/thumb/v7-m/nofp\libc_nano.a(libc_a-findfp.o)
                0x200000a4                __sglue
 .data._impure_ptr
                0x200000b0        0x4 C:/ST/STM32CubeIDE_1.19.0/STM32CubeIDE/plugins/com.st.stm32cube.ide.mcu.externaltools.gnu-tools-for-stm32.13.3.rel1.win32_1.0.0.202411081344/tools/bin/../lib/gcc/arm-none-eabi/13.3.1/../../../../arm-none-eabi/lib/thumb/v7-m/nofp\libc_nano.a(libc_a-impure.o)
                0x200000b0                _impure_ptr
 .data._impure_data
                0x200000b4       0x4c C:/ST/STM32CubeIDE_1.19.0/STM32CubeIDE/plugins/com.st.stm32cube.ide.mcu.externaltools.gnu-tools-for-stm32.13.3.rel1.win32_1.0.0.202411081344/tools/bin/../lib/gcc/arm-none-eabi/13.3.1/../../../../arm-none-eabi/lib/thumb/v7-m/nofp\libc_nano.a(libc_a-impure.o)
                0x200000b4                _impure_data
 *(.RamFunc)
 *(.RamFunc*)
                0x20000100                        . = ALIGN (0x4)
                0x20000100                        _edata = .

.igot.plt       0x20000100        0x0 load address 0x0800d080
 .igot.plt      0x20000100        0x0 C:/ST/STM32CubeIDE_1.19.0/STM32CubeIDE/plugins/com.st.stm32cube.ide.mcu.externaltools.gnu-tools-for-stm32.13.3.rel1.win32_1.0.0.202411081344/tools/bin/../lib/gcc/arm-none-eabi/13.3.1/thumb/v7-m/nofp/crtbegin.o
                0x20000100                        . = ALIGN (0x4)

.bss            0x20000100      0x5b8 load address 0x0800d080
                0x20000100                        _sbss = .
                0x20000100                        __bss_start__ = _sbss
 *(.bss)
 .bss           0x20000100       0x1c C:/ST/STM32CubeIDE_1.19.0/STM32CubeIDE/plugins/com.st.stm32cube.ide.mcu.externaltools.gnu-tools-for-stm32.13.3.rel1.win32_1.0.0.202411081344/tools/bin/../lib/gcc/arm-none-eabi/13.3.1/thumb/v7-m/nofp/crtbegin.o
 *(.bss*)
 .bss.hadc1     0x2000011c       0x30 ./Core/Src/main.o
                0x2000011c                hadc1
 .bss.hdma_adc1
                0x2000014c       0x44 ./Core/Src/main.o
                0x2000014c                hdma_adc1
 .bss.hi2c1     0x20000190       0x54 ./Core/Src/main.o
                0x20000190                hi2c1
 .bss.hi2c2     0x200001e4       0x54 ./Core/Src/main.o
                0x200001e4                hi2c2
 .bss.htim1     0x20000238       0x48 ./Core/Src/main.o
                0x20000238                htim1
 .bss.htim2     0x20000280       0x48 ./Core/Src/main.o
                0x20000280                htim2
 .bss.huart1    0x200002c8       0x48 ./Core/Src/main.o
                0x200002c8                huart1
 .bss.huart2    0x20000310       0x48 ./Core/Src/main.o
                0x20000310                huart2
 .bss.__sbrk_heap_end
                0x20000358        0x4 ./Core/Src/sysmem.o
 .bss.uwTick    0x2000035c        0x4 ./Drivers/STM32F1xx_HAL_Driver/Src/stm32f1xx_hal.o
                0x2000035c                uwTick
 .bss.g_app_cnt
                0x20000360        0x4 ./app/src/app.o
                0x20000360                g_app_cnt
 .bss.g_app_runtime_us
                0x20000364        0x4 ./app/src/app.o
                0x20000364                g_app_runtime_us
 .bss.g_app_tick_cnt
                0x20000368        0x4 ./app/src/app.o
                0x20000368                g_app_tick_cnt
 .bss.task_dta_list
                0x2000036c       0x1c ./app/src/app.o
                0x2000036c                task_dta_list
 .bss.logger_msg_buffer_
                0x20000388       0x40 ./app/src/logger.o
 .bss.logger_msg_len
                0x200003c8        0x4 ./app/src/logger.o
                0x200003c8                logger_msg_len
 .bss.g_task_actuator_cnt
                0x200003cc        0x4 ./app/src/task_actuator.o
                0x200003cc                g_task_actuator_cnt
 .bss.g_task_actuator_tick_cnt
                0x200003d0        0x4 ./app/src/task_actuator.o
                0x200003d0                g_task_actuator_tick_cnt
 .bss.g_task_adc_cnt
                0x200003d4        0x4 ./app/src/task_adc.o
                0x200003d4                g_task_adc_cnt
 .bss.g_task_adc_tick_cnt
                0x200003d8        0x4 ./app/src/task_adc.o
                0x200003d8                g_task_adc_tick_cnt
 .bss.adc_value
                0x200003dc        0xc ./app/src/task_adc.o
                0x200003dc                adc_value
 .bss.temp_actual
                0x200003e8        0x1 ./app/src/task_adc.o
                0x200003e8                temp_actual
 .bss.temp_ant.2
                0x200003e9        0x1 ./app/src/task_adc.o
 *fill*         0x200003ea        0x2 
 .bss.prev.1    0x200003ec        0x2 ./app/src/task_adc.o
 *fill*         0x200003ee        0x2 
 .bss.last_event_ms.0
                0x200003f0        0x8 ./app/src/task_adc.o
 .bss.g_task_botones_cnt
                0x200003f8        0x4 ./app/src/task_botones.o
                0x200003f8                g_task_botones_cnt
 .bss.g_task_botones_tick_cnt
                0x200003fc        0x4 ./app/src/task_botones.o
                0x200003fc                g_task_botones_tick_cnt
 .bss.last.0    0x20000400        0x1 ./app/src/task_botones.o
 .bss.fsm_subestado
                0x20000401        0x1 ./app/src/task_cafe_fsm.o
 *fill*         0x20000402        0x2 
 .bss.g_task_cafe_fsm_cnt
                0x20000404        0x4 ./app/src/task_cafe_fsm.o
                0x20000404                g_task_cafe_fsm_cnt
 .bss.g_task_cafe_fsm_tick_cnt
                0x20000408        0x4 ./app/src/task_cafe_fsm.o
                0x20000408                g_task_cafe_fsm_tick_cnt
 .bss.receta_personal
                0x2000040c        0x4 ./app/src/task_cafe_fsm.o
                0x2000040c                receta_personal
 .bss.cafe_seleccionado
                0x20000410        0x1 ./app/src/task_cafe_fsm.o
                0x20000410                cafe_seleccionado
 .bss.estado_actual
                0x20000411        0x1 ./app/src/task_cafe_fsm.o
                0x20000411                estado_actual
 *fill*         0x20000412        0x2 
 .bss.ultima_interaccion_ms
                0x20000414        0x4 ./app/src/task_cafe_fsm.o
                0x20000414                ultima_interaccion_ms
 .bss.test_ejecutado.14
                0x20000418        0x1 ./app/src/task_cafe_fsm.o
 .bss.menu_idx.13
                0x20000419        0x1 ./app/src/task_cafe_fsm.o
 .bss.edit.12   0x2000041a        0x1 ./app/src/task_cafe_fsm.o
 .bss.idx.11    0x2000041b        0x1 ./app/src/task_cafe_fsm.o
 .bss.nuevo.10  0x2000041c        0x4 ./app/src/task_cafe_fsm.o
 .bss.nueva_temp.9
                0x20000420        0x1 ./app/src/task_cafe_fsm.o
 .bss.ingrediente_idx.7
                0x20000421        0x1 ./app/src/task_cafe_fsm.o
 *fill*         0x20000422        0x2 
 .bss.receta_tmp.5
                0x20000424        0x4 ./app/src/task_cafe_fsm.o
 .bss.taza_detectada.4
                0x20000428        0x1 ./app/src/task_cafe_fsm.o
 *fill*         0x20000429        0x3 
 .bss.shots.3   0x2000042c        0x4 ./app/src/task_cafe_fsm.o
 .bss.ingrediente.2
                0x20000430        0x1 ./app/src/task_cafe_fsm.o
 *fill*         0x20000431        0x3 
 .bss.shot_start_time.0
                0x20000434        0x4 ./app/src/task_cafe_fsm.o
 .bss.g_task_lcd_cnt
                0x20000438        0x4 ./app/src/task_lcd.o
                0x20000438                g_task_lcd_cnt
 .bss.g_task_lcd_tick_cnt
                0x2000043c        0x4 ./app/src/task_lcd.o
                0x2000043c                g_task_lcd_tick_cnt
 .bss.lcd_queue
                0x20000440       0x26 ./app/src/task_lcd.o
 *fill*         0x20000466        0x2 
 .bss.lcd_shadow
                0x20000468       0x22 ./app/src/task_lcd.o
 .bss.lcd_estado
                0x2000048a        0x1 ./app/src/task_lcd.o